 lab5

 Timestamp is 572645c5 (Sun May 01 21:07:01 2016)

 Preferred load address is 10000000

 Start         Length     Name                   Class
 0001:00000000 00001389H .text$di                CODE
 0001:00001390 000050e3H .text$mn                CODE
 0001:00006480 0000110aH .text$x                 CODE
 0001:00007590 0000105fH .text$yd                CODE
 0002:00000000 00000ee9H .rdata                  DATA
 0002:00000eec 0000016eH .rdata$debug            DATA
 0002:0000105c 000002d4H .rdata$r                DATA
 0002:00001330 0000011cH .rdata$sxdata           DATA
 0002:00001450 0000033dH .xdata$x                DATA
 0002:00001790 0000014bH .edata                  DATA
 0003:00000000 0000012bH .data                   DATA
 0003:0000012c 000001e4H .data$r                 DATA
 0003:00000310 00000364H .bss                    DATA
 0004:00000000 0000017cH .idata$5                DATA
 0004:0000017c 0000003cH .idata$2                DATA
 0004:000001b8 00000014H .idata$3                DATA
 0004:000001cc 0000017cH .idata$4                DATA
 0004:00000348 000005b1H .idata$6                DATA
 0005:00000000 00000358H .shared                 DATA
 0006:00000000 00000104H .rtc$IMZ                DATA
 0006:00000104 00000104H .rtc$TMZ                DATA
 0007:00000000 00000125H .CRT$XCU                DATA
 0007:00000128 00000104H .CRT$XIC                DATA
 0008:00000000 00000169H .rsrc$01                DATA
 0008:00000170 000002ccH .rsrc$02                DATA

  Address         Publics by Value              Rva+Base       Lib:Object

 0000:00000000       __except_list              00000000     <absolute>
 0000:00000000       ___guard_fids_count        00000000     <absolute>
 0000:00000000       ___guard_flags             00000000     <absolute>
 0000:00000000       ___guard_fids_table        00000000     <absolute>
 0000:00000006       ___safe_se_handler_count   00000006     <absolute>
 0000:00009876       __fltused                  00009876     <absolute>
 0000:00009876       __ldused                   00009876     <absolute>
 0001:00001390       ??$_Allocate@D@std@@YAPADIPAD@Z 10002390 f i lib.obj
 0001:00001400       ??$_Allocate@U_Container_proxy@std@@@std@@YAPAU_Container_proxy@0@IPAU10@@Z 10002400 f i lib.obj
 0001:00001480       ??$_Debug_pointer@D@std@@YAXPBDPB_WI@Z 10002480 f i lib.obj
 0001:000014c0       ??$addressof@D@std@@YAPADAAD@Z 100024c0 f i lib.obj
 0001:000014d0       ??$construct@PADAAPAD@?$_Wrap_alloc@V?$allocator@D@std@@@std@@QAEXPAPADAAPAD@Z 100024d0 f i lib.obj
 0001:00001520       ??$construct@PADAAPAD@?$allocator@D@std@@QAEXPAPADAAPAD@Z 10002520 f i lib.obj
 0001:000015f0       ??$construct@PADAAPAD@?$allocator_traits@V?$allocator@D@std@@@std@@SAXAAV?$allocator@D@1@PAPADAAPAD@Z 100025f0 f i lib.obj
 0001:00001620       ??$construct@U_Container_proxy@std@@U12@@?$allocator@U_Container_proxy@std@@@std@@QAEXPAU_Container_proxy@1@$$QAU21@@Z 10002620 f i lib.obj
 0001:000016f0       ??$destroy@PAD@?$_Wrap_alloc@V?$allocator@D@std@@@std@@QAEXPAPAD@Z 100026f0 f i lib.obj
 0001:00001730       ??$destroy@PAD@?$allocator@D@std@@QAEXPAPAD@Z 10002730 f i lib.obj
 0001:00001750       ??$destroy@PAD@?$allocator_traits@V?$allocator@D@std@@@std@@SAXAAV?$allocator@D@1@PAPAD@Z 10002750 f i lib.obj
 0001:00001770       ??$destroy@U_Container_proxy@std@@@?$allocator@U_Container_proxy@std@@@std@@QAEXPAU_Container_proxy@1@@Z 10002770 f i lib.obj
 0001:00001790       ??$forward@AAPAD@std@@YAAAPADAAPAD@Z 10002790 f i lib.obj
 0001:000017a0       ??$forward@U_Container_proxy@std@@@std@@YA$$QAU_Container_proxy@0@AAU10@@Z 100027a0 f i lib.obj
 0001:000017b0       ??0?$_String_alloc@$0A@U?$_String_base_types@DV?$allocator@D@std@@@std@@@std@@QAE@ABV?$allocator@D@1@@Z 100027b0 f i lib.obj
 0001:00001840       ??0?$_String_val@U?$_Simple_types@D@std@@@std@@QAE@XZ 10002840 f i lib.obj
 0001:000018a0       ??0?$_Wrap_alloc@V?$allocator@D@std@@@std@@QAE@XZ 100028a0 f i lib.obj
 0001:000018d0       ??0?$allocator@D@std@@QAE@XZ 100028d0 f i lib.obj
 0001:000018f0       ??0?$allocator@U_Container_proxy@std@@@std@@QAE@XZ 100028f0 f i lib.obj
 0001:00001910       ??0?$basic_string@DU?$char_traits@D@std@@V?$allocator@D@2@@std@@QAE@PBD@Z 10002910 f i lib.obj
 0001:000019c0       ??0_Container_proxy@std@@QAE@XZ 100029c0 f i lib.obj
 0001:00001a00       ??0_Generic_error_category@std@@QAE@XZ 10002a00 f i lib.obj
 0001:00001a40       ??0_Iostream_error_category@std@@QAE@XZ 10002a40 f i lib.obj
 0001:00001a80       ??0_System_error_category@std@@QAE@XZ 10002a80 f i lib.obj
 0001:00001ac0       ??0error_category@std@@QAE@XZ 10002ac0 f i lib.obj
 0001:00001af0       ??0error_condition@std@@QAE@HABVerror_category@1@@Z 10002af0 f i lib.obj
 0001:00001b30       ??1?$_String_alloc@$0A@U?$_String_base_types@DV?$allocator@D@std@@@std@@@std@@QAE@XZ 10002b30 f i lib.obj
 0001:00001b70       ??1?$_String_val@U?$_Simple_types@D@std@@@std@@QAE@XZ 10002b70 f i lib.obj
 0001:00001bb0       ??1_Generic_error_category@std@@UAE@XZ 10002bb0 f i lib.obj
 0001:00001be0       ??1_Iostream_error_category@std@@UAE@XZ 10002be0 f i lib.obj
 0001:00001c10       ??1_System_error_category@std@@UAE@XZ 10002c10 f i lib.obj
 0001:00001c40       ??1error_category@std@@UAE@XZ 10002c40 f i lib.obj
 0001:00001c70       ??2@YAPAXIPAX@Z            10002c70 f i lib.obj
 0001:00001c80       ??3@YAXPAX0@Z              10002c80 f i lib.obj
 0001:00001c90       ??8error_category@std@@QBE_NABV01@@Z 10002c90 f i lib.obj
 0001:00001ce0       ??8error_condition@std@@QBE_NABV01@@Z 10002ce0 f i lib.obj
 0001:00001d70       ??_E_Generic_error_category@std@@UAEPAXI@Z 10002d70 f i lib.obj
 0001:00001d70       ??_G_Generic_error_category@std@@UAEPAXI@Z 10002d70 f i lib.obj
 0001:00001dc0       ??_E_Iostream_error_category@std@@UAEPAXI@Z 10002dc0 f i lib.obj
 0001:00001dc0       ??_G_Iostream_error_category@std@@UAEPAXI@Z 10002dc0 f i lib.obj
 0001:00001e10       ??_G_System_error_category@std@@UAEPAXI@Z 10002e10 f i lib.obj
 0001:00001e10       ??_E_System_error_category@std@@UAEPAXI@Z 10002e10 f i lib.obj
 0001:00001e60       ??_Gerror_category@std@@UAEPAXI@Z 10002e60 f i lib.obj
 0001:00001e60       ??_Eerror_category@std@@UAEPAXI@Z 10002e60 f i lib.obj
 0001:00001eb0       ?_Alloc_proxy@?$_String_alloc@$0A@U?$_String_base_types@DV?$allocator@D@std@@@std@@@std@@QAEXXZ 10002eb0 f i lib.obj
 0001:00001f70       ?_Copy@?$basic_string@DU?$char_traits@D@std@@V?$allocator@D@2@@std@@QAEXII@Z 10002f70 f i lib.obj
 0001:000021f0       ?_Eos@?$basic_string@DU?$char_traits@D@std@@V?$allocator@D@2@@std@@QAEXI@Z 100031f0 f i lib.obj
 0001:00002250       ?_Free_proxy@?$_String_alloc@$0A@U?$_String_base_types@DV?$allocator@D@std@@@std@@@std@@QAEXXZ 10003250 f i lib.obj
 0001:00002310       ?_Getal@?$_String_alloc@$0A@U?$_String_base_types@DV?$allocator@D@std@@@std@@@std@@QBE?AU?$_Wrap_alloc@V?$allocator@D@std@@@2@XZ 10003310 f i lib.obj
 0001:00002350       ?_Grow@?$basic_string@DU?$char_traits@D@std@@V?$allocator@D@2@@std@@QAE_NI_N@Z 10003350 f i lib.obj
 0001:00002450       ?_Inside@?$basic_string@DU?$char_traits@D@std@@V?$allocator@D@2@@std@@QAE_NPBD@Z 10003450 f i lib.obj
 0001:000024b0       ?_Myptr@?$_String_val@U?$_Simple_types@D@std@@@std@@QAEPADXZ 100034b0 f i lib.obj
 0001:00002520       ?_Myptr@?$_String_val@U?$_Simple_types@D@std@@@std@@QBEPBDXZ 10003520 f i lib.obj
 0001:00002590       ?_Tidy@?$basic_string@DU?$char_traits@D@std@@V?$allocator@D@2@@std@@QAEX_NI@Z 10003590 f i lib.obj
 0001:00002690       ?_Xlen@?$basic_string@DU?$char_traits@D@std@@V?$allocator@D@2@@std@@QBEXXZ 10003690 f i lib.obj
 0001:000026d0       ?_Xran@?$basic_string@DU?$char_traits@D@std@@V?$allocator@D@2@@std@@QBEXXZ 100036d0 f i lib.obj
 0001:00002710       ?allocate@?$_Wrap_alloc@V?$allocator@D@std@@@std@@QAEPADI@Z 10003710 f i lib.obj
 0001:00002750       ?allocate@?$allocator@D@std@@QAEPADI@Z 10003750 f i lib.obj
 0001:00002790       ?allocate@?$allocator@U_Container_proxy@std@@@std@@QAEPAU_Container_proxy@2@I@Z 10003790 f i lib.obj
 0001:000027d0       ?assign@?$basic_string@DU?$char_traits@D@std@@V?$allocator@D@2@@std@@QAEAAV12@ABV12@II@Z 100037d0 f i lib.obj
 0001:000028d0       ?assign@?$basic_string@DU?$char_traits@D@std@@V?$allocator@D@2@@std@@QAEAAV12@PBD@Z 100038d0 f i lib.obj
 0001:00002930       ?assign@?$basic_string@DU?$char_traits@D@std@@V?$allocator@D@2@@std@@QAEAAV12@PBDI@Z 10003930 f i lib.obj
 0001:00002a10       ?assign@?$char_traits@D@std@@SAXAADABD@Z 10003a10 f i lib.obj
 0001:00002a30       ?category@error_code@std@@QBEABVerror_category@2@XZ 10003a30 f i lib.obj
 0001:00002a50       ?category@error_condition@std@@QBEABVerror_category@2@XZ 10003a50 f i lib.obj
 0001:00002a70       ?copy@?$char_traits@D@std@@SAPADPADPBDI@Z 10003a70 f i lib.obj
 0001:00002ad0       ?deallocate@?$_Wrap_alloc@V?$allocator@D@std@@@std@@QAEXPADI@Z 10003ad0 f i lib.obj
 0001:00002b10       ?deallocate@?$allocator@D@std@@QAEXPADI@Z 10003b10 f i lib.obj
 0001:00002b50       ?deallocate@?$allocator@U_Container_proxy@std@@@std@@QAEXPAU_Container_proxy@2@I@Z 10003b50 f i lib.obj
 0001:00002b90       ?default_error_condition@_System_error_category@std@@UBE?AVerror_condition@2@H@Z 10003b90 f i lib.obj
 0001:00002c20       ?default_error_condition@error_category@std@@UBE?AVerror_condition@2@H@Z 10003c20 f i lib.obj
 0001:00002c60       ?equivalent@error_category@std@@UBE_NABVerror_code@2@H@Z 10003c60 f i lib.obj
 0001:00002ce0       ?equivalent@error_category@std@@UBE_NHABVerror_condition@2@@Z 10003ce0 f i lib.obj
 0001:00002d50       ?erase@?$basic_string@DU?$char_traits@D@std@@V?$allocator@D@2@@std@@QAEAAV12@I@Z 10003d50 f i lib.obj
 0001:00002da0       ?erase@?$basic_string@DU?$char_traits@D@std@@V?$allocator@D@2@@std@@QAEAAV12@II@Z 10003da0 f i lib.obj
 0001:00002e70       ?generic_category@std@@YAABVerror_category@1@XZ 10003e70 f i lib.obj
 0001:00002e80       ?length@?$char_traits@D@std@@SAIPBD@Z 10003e80 f i lib.obj
 0001:00002ed0       ?max_size@?$_Wrap_alloc@V?$allocator@D@std@@@std@@QBEIXZ 10003ed0 f i lib.obj
 0001:00002f10       ?max_size@?$allocator@D@std@@QBEIXZ 10003f10 f i lib.obj
 0001:00002f30       ?max_size@?$allocator_traits@V?$allocator@D@std@@@std@@SAIABV?$allocator@D@2@@Z 10003f30 f i lib.obj
 0001:00002f50       ?max_size@?$basic_string@DU?$char_traits@D@std@@V?$allocator@D@2@@std@@QBEIXZ 10003f50 f i lib.obj
 0001:00002fc0       ?message@_Generic_error_category@std@@UBE?AV?$basic_string@DU?$char_traits@D@std@@V?$allocator@D@2@@2@H@Z 10003fc0 f i lib.obj
 0001:00003060       ?message@_Iostream_error_category@std@@UBE?AV?$basic_string@DU?$char_traits@D@std@@V?$allocator@D@2@@2@H@Z 10004060 f i lib.obj
 0001:000030f0       ?message@_System_error_category@std@@UBE?AV?$basic_string@DU?$char_traits@D@std@@V?$allocator@D@2@@2@H@Z 100040f0 f i lib.obj
 0001:00003190       ?move@?$char_traits@D@std@@SAPADPADPBDI@Z 10004190 f i lib.obj
 0001:000031f0       ?name@_Generic_error_category@std@@UBEPBDXZ 100041f0 f i lib.obj
 0001:00003210       ?name@_Iostream_error_category@std@@UBEPBDXZ 10004210 f i lib.obj
 0001:00003230       ?name@_System_error_category@std@@UBEPBDXZ 10004230 f i lib.obj
 0001:00003250       ?size@?$basic_string@DU?$char_traits@D@std@@V?$allocator@D@2@@std@@QBEIXZ 10004250 f i lib.obj
 0001:00003270       ?system_category@std@@YAABVerror_category@1@XZ 10004270 f i lib.obj
 0001:00003280       ?value@error_code@std@@QBEHXZ 10004280 f i lib.obj
 0001:000032a0       ?value@error_condition@std@@QBEHXZ 100042a0 f i lib.obj
 0001:000032c0       _hypot                     100042c0 f i lib.obj
 0001:00003308       ?_Debug_message@std@@YAXPB_W0I@Z 10004308 f   msvcprtd:MSVCP120D.dll
 0001:0000330e       ??0_Container_base12@std@@QAE@XZ 1000430e f   msvcprtd:MSVCP120D.dll
 0001:00003314       ??1_Container_base12@std@@QAE@XZ 10004314 f   msvcprtd:MSVCP120D.dll
 0001:0000331a       ?_Orphan_all@_Container_base12@std@@QAEXXZ 1000431a f   msvcprtd:MSVCP120D.dll
 0001:00003320       ?_Xbad_alloc@std@@YAXXZ    10004320 f   msvcprtd:MSVCP120D.dll
 0001:00003326       ?_Xlength_error@std@@YAXPBD@Z 10004326 f   msvcprtd:MSVCP120D.dll
 0001:0000332c       ?_Xout_of_range@std@@YAXPBD@Z 1000432c f   msvcprtd:MSVCP120D.dll
 0001:00003332       ??0id@locale@std@@QAE@I@Z  10004332 f   msvcprtd:MSVCP120D.dll
 0001:00003338       ?_Syserror_map@std@@YAPBDH@Z 10004338 f   msvcprtd:MSVCP120D.dll
 0001:0000333e       ?_Winerror_map@std@@YAPBDH@Z 1000433e f   msvcprtd:MSVCP120D.dll
 0001:00003344       __purecall                 10004344 f   MSVCRTD:MSVCR120D.dll
 0001:0000334a       ??2@YAPAXI@Z               1000434a f   MSVCRTD:MSVCR120D.dll
 0001:00003350       ??3@YAXPAX@Z               10004350 f   MSVCRTD:MSVCR120D.dll
 0001:00003360       ___atonexitinit            10004360 f   MSVCRTD:atonexit.obj
 0001:00003410       __onexit                   10004410 f   MSVCRTD:atonexit.obj
 0001:00003510       _atexit                    10004510 f   MSVCRTD:atonexit.obj
 0001:0000353c       __hypot                    1000453c f   MSVCRTD:MSVCR120D.dll
 0001:00003542       _memcpy                    10004542 f   MSVCRTD:MSVCR120D.dll
 0001:00003548       _strlen                    10004548 f   MSVCRTD:MSVCR120D.dll
 0001:0000354e       _memmove                   1000454e f   MSVCRTD:MSVCR120D.dll
 0001:00003560       @_RTC_AllocaHelper@12      10004560 f   MSVCRTD:stack.obj
 0001:000035a0       @_RTC_CheckStackVars2@12   100045a0 f   MSVCRTD:stack.obj
 0001:00003680       @_RTC_CheckStackVars@8     10004680 f   MSVCRTD:stack.obj
 0001:000036e0       __RTC_CheckEsp             100046e0 f   MSVCRTD:stack.obj
 0001:00003710       @__security_check_cookie@4 10004710 f   MSVCRTD:secchk.obj
 0001:00003720       __CxxThrowException@8      10004720 f   MSVCRTD:MSVCR120D.dll
 0001:00003730       __RTC_InitBase             10004730 f   MSVCRTD:init.obj
 0001:00003760       __RTC_Shutdown             10004760 f   MSVCRTD:init.obj
 0001:00003774       ___CxxFrameHandler3        10004774 f   MSVCRTD:MSVCR120D.dll
 0001:00003780       ??0type_info@@AAE@ABV0@@Z  10004780 f   MSVCRTD:ti_inst.obj
 0001:000037a0       ??4type_info@@AAEAAV0@ABV0@@Z 100047a0 f   MSVCRTD:ti_inst.obj
 0001:000037b0       ??_Etype_info@@UAEPAXI@Z   100047b0 f i MSVCRTD:ti_inst.obj
 0001:00003820       __lock                     10004820 f   MSVCRTD:MSVCR120D.dll
 0001:00003826       __unlock                   10004826 f   MSVCRTD:MSVCR120D.dll
 0001:0000382c       __CrtDbgReportW            1000482c f   MSVCRTD:MSVCR120D.dll
 0001:00003832       __calloc_dbg               10004832 f   MSVCRTD:MSVCR120D.dll
 0001:00003838       ___dllonexit               10004838 f   MSVCRTD:MSVCR120D.dll
 0001:00003840       __except_handler4          10004840 f   MSVCRTD:chandler4gs.obj
 0001:000039c0       ?_RTC_AllocaFailure@@YAXPAXPAU_RTC_ALLOCA_NODE@@H@Z 100049c0 f   MSVCRTD:error.obj
 0001:00003b40       ?_RTC_Failure@@YAXPAXH@Z   10004b40 f   MSVCRTD:error.obj
 0001:00003b90       ?_RTC_StackFailure@@YAXPAXPBD@Z 10004b90 f   MSVCRTD:error.obj
 0001:00003f10       __RTC_UninitUse            10004f10 f   MSVCRTD:error.obj
 0001:00004000       ___raise_securityfailure   10005000 f   MSVCRTD:gs_report.obj
 0001:00004050       ___report_gsfailure        10005050 f   MSVCRTD:gs_report.obj
 0001:00004160       ___report_rangecheckfailure 10005160 f   MSVCRTD:gs_report.obj
 0001:00004170       ___report_securityfailure  10005170 f   MSVCRTD:gs_report.obj
 0001:00004250       ___report_securityfailureEx 10005250 f   MSVCRTD:gs_report.obj
 0001:00004380       ?_RTC_GetErrorFunc@@YAP6AHHPBDH00ZZPBX@Z 10005380 f   MSVCRTD:userapi.obj
 0001:00004390       ?_RTC_GetErrorFuncW@@YAP6AHHPB_WH00ZZPBX@Z 10005390 f   MSVCRTD:userapi.obj
 0001:000043a0       __RTC_GetErrDesc           100053a0 f   MSVCRTD:userapi.obj
 0001:000043c0       __RTC_NumErrors            100053c0 f   MSVCRTD:userapi.obj
 0001:000043d0       __RTC_SetErrorFunc         100053d0 f   MSVCRTD:userapi.obj
 0001:000043f0       __RTC_SetErrorFuncW        100053f0 f   MSVCRTD:userapi.obj
 0001:00004410       __RTC_SetErrorType         10005410 f   MSVCRTD:userapi.obj
 0001:00004434       __CRT_RTC_INITW            10005434 f   MSVCRTD:MSVCR120D.dll
 0001:00004440       ??_M@YGXPAXIHP6EX0@Z@Z     10005440 f   MSVCRTD:ehvecdtr.obj
 0001:00004520       ?__ArrayUnwind@@YGXPAXIHP6EX0@Z@Z 10005520 f   MSVCRTD:ehvecdtr.obj
 0001:000045aa       ??1type_info@@UAE@XZ       100055aa f   MSVCRTD:MSVCR120D.dll
 0001:000045b0       __except_handler4_common   100055b0 f   MSVCRTD:MSVCR120D.dll
 0001:00004a00       ?_RTC_GetSrcLine@@YAHPAEPA_WKPAH1K@Z 10005a00 f   MSVCRTD:pdblkup.obj
 0001:00004cae       __crt_debugger_hook        10005cae f   MSVCRTD:MSVCR120D.dll
 0001:00004cb4       ___crtUnhandledException   10005cb4 f   MSVCRTD:MSVCR120D.dll
 0001:00004cba       ___crtTerminateProcess     10005cba f   MSVCRTD:MSVCR120D.dll
 0001:00004cc0       ?terminate@@YAXXZ          10005cc0 f   MSVCRTD:MSVCR120D.dll
 0001:00004cc6       _wcscpy_s                  10005cc6 f   MSVCRTD:MSVCR120D.dll
 0001:00004ccc       __wmakepath_s              10005ccc f   MSVCRTD:MSVCR120D.dll
 0001:00004cd2       __wsplitpath_s             10005cd2 f   MSVCRTD:MSVCR120D.dll
 0001:00004cd8       _EncodePointer@4           10005cd8 f   kernel32:KERNEL32.dll
 0001:00004cde       _DecodePointer@4           10005cde f   kernel32:KERNEL32.dll
 0001:00004ce4       _IsDebuggerPresent@0       10005ce4 f   kernel32:KERNEL32.dll
 0001:00004cea       _RaiseException@16         10005cea f   kernel32:KERNEL32.dll
 0001:00004cf0       _GetLastError@0            10005cf0 f   kernel32:KERNEL32.dll
 0001:00004cf6       _GetProcAddress@8          10005cf6 f   kernel32:KERNEL32.dll
 0001:00004cfc       _LoadLibraryExW@12         10005cfc f   kernel32:KERNEL32.dll
 0001:00004d02       _MultiByteToWideChar@24    10005d02 f   kernel32:KERNEL32.dll
 0001:00004d08       _WideCharToMultiByte@32    10005d08 f   kernel32:KERNEL32.dll
 0001:00004d0e       _IsProcessorFeaturePresent@4 10005d0e f   kernel32:KERNEL32.dll
 0001:00004d14       _HeapAlloc@12              10005d14 f   kernel32:KERNEL32.dll
 0001:00004d1a       _HeapFree@12               10005d1a f   kernel32:KERNEL32.dll
 0001:00004d20       _GetProcessHeap@0          10005d20 f   kernel32:KERNEL32.dll
 0001:00004d26       _VirtualQuery@12           10005d26 f   kernel32:KERNEL32.dll
 0001:00004d2c       _FreeLibrary@4             10005d2c f   kernel32:KERNEL32.dll
 0001:00004d32       _GetModuleFileNameW@12     10005d32 f   kernel32:KERNEL32.dll
 0001:00004d38       _GetModuleHandleW@4        10005d38 f   kernel32:KERNEL32.dll
 0002:0000003c       ??_7error_category@std@@6B@ 1000a03c     lib.obj
 0002:00000060       ??_7_Generic_error_category@std@@6B@ 1000a060     lib.obj
 0002:00000080       ??_C@_07DCLBNMLN@generic?$AA@ 1000a080     lib.obj
 0002:0000008c       ??_C@_0O@BFJCFAAK@unknown?5error?$AA@ 1000a08c     lib.obj
 0002:000000a0       ??_7_Iostream_error_category@std@@6B@ 1000a0a0     lib.obj
 0002:000000c0       ??_C@_08LLGCOLLL@iostream?$AA@ 1000a0c0     lib.obj
 0002:000000cc       ??_C@_0BG@PADBLCHM@iostream?5stream?5error?$AA@ 1000a0cc     lib.obj
 0002:000000ec       ??_7_System_error_category@std@@6B@ 1000a0ec     lib.obj
 0002:0000010c       ??_C@_06FHFOAHML@system?$AA@ 1000a10c     lib.obj
 0002:00000118       ??_C@_1IO@FEAPGJBD@?$AAC?$AA?3?$AA?2?$AAP?$AAr?$AAo?$AAg?$AAr?$AAa?$AAm?$AA?5?$AAF?$AAi?$AAl?$AAe?$AAs?$AA?5?$AA?$CI?$AAx?$AA8?$AA6?$AA?$CJ?$AA?2?$AAM?$AAi?$AAc?$AAr?$AAo?$AAs?$AAo?$AAf?$AAt@ 1000a118     lib.obj
 0002:000001c4       ??_C@_0BA@JFNIOLAK@string?5too?5long?$AA@ 1000a1c4     lib.obj
 0002:000001d8       ??_C@_0BI@CFPLBAOH@invalid?5string?5position?$AA@ 1000a1d8     lib.obj
 0002:000001f4       ??_C@_1CK@EOPGIILJ@?$AAi?$AAn?$AAv?$AAa?$AAl?$AAi?$AAd?$AA?5?$AAn?$AAu?$AAl?$AAl?$AA?5?$AAp?$AAo?$AAi?$AAn?$AAt?$AAe?$AAr?$AA?$AA@ 1000a1f4     lib.obj
 0002:00000228       ??_C@_1MC@KPMPFEII@?$AA?$CI?$AA_?$AA_?$AAo?$AAn?$AAe?$AAx?$AAi?$AAt?$AAb?$AAe?$AAg?$AAi?$AAn?$AA?5?$AA?$CB?$AA?$DN?$AA?5?$AAN?$AAU?$AAL?$AAL?$AA?5?$AA?$CG?$AA?$CG?$AA?5?$AA_?$AA_?$AAo?$AAn?$AAe?$AAx@ 1000a228     MSVCRTD:atonexit.obj
 0002:000002ec       ??_C@_15GANGMFKL@?$AA?$CF?$AAs?$AA?$AA@ 1000a2ec     MSVCRTD:atonexit.obj
 0002:000002f8       ??_C@_1FK@IGIDCAPD@?$AAf?$AA?3?$AA?2?$AAd?$AAd?$AA?2?$AAv?$AAc?$AAt?$AAo?$AAo?$AAl?$AAs?$AA?2?$AAc?$AAr?$AAt?$AA?2?$AAc?$AAr?$AAt?$AAw?$AA3?$AA2?$AA?2?$AAd?$AAl?$AAl?$AAs?$AAt?$AAu?$AAf@ 1000a2f8     MSVCRTD:atonexit.obj
 0002:00000354       ??_C@_0CN@LMJJPMEG@f?3?2dd?2vctools?2crt?2crtw32?2dllstuf@ 1000a354     MSVCRTD:atonexit.obj
 0002:00000381       ?value@?$integral_constant@_N$0A@@std@@2_NB 1000a381     MSVCRTD:ti_inst.obj
 0002:00000382       ?value@?$integral_constant@_N$00@std@@2_NB 1000a382     MSVCRTD:ti_inst.obj
 0002:00000388       ??_7type_info@@6B@         1000a388     MSVCRTD:ti_inst.obj
 0002:00000428       ??_C@_0NN@NGPKDKPD@The?5value?5of?5ESP?5was?5not?5properl@ 1000a428     MSVCRTD:error.obj
 0002:00000508       ??_C@_0BBN@GPMLNJCF@A?5cast?5to?5a?5smaller?5data?5type?5ha@ 1000a508     MSVCRTD:error.obj
 0002:00000628       ??_C@_0BN@FFOINMNJ@Stack?5memory?5was?5corrupted?6?$AN?$AA@ 1000a628     MSVCRTD:error.obj
 0002:00000648       ??_C@_0DG@HKJMLLLP@A?5local?5variable?5was?5used?5before@ 1000a648     MSVCRTD:error.obj
 0002:00000680       ??_C@_0CM@NGINOKPC@Stack?5memory?5around?5_alloca?5was?5@ 1000a680     MSVCRTD:error.obj
 0002:000006ac       ??_C@_0BO@GNIAFIKK@Unknown?5Runtime?5Check?5Error?6?$AN?$AA@ 1000a6ac     MSVCRTD:error.obj
 0002:000006d0       ??_C@_1GM@OLMCBDMB@?$AAR?$AAu?$AAn?$AAt?$AAi?$AAm?$AAe?$AA?5?$AAC?$AAh?$AAe?$AAc?$AAk?$AA?5?$AAE?$AAr?$AAr?$AAo?$AAr?$AA?4?$AA?6?$AA?$AN?$AA?5?$AAU?$AAn?$AAa?$AAb?$AAl?$AAe?$AA?5?$AAt?$AAo@ 1000a6d0     MSVCRTD:error.obj
 0002:00000740       ??_C@_1EA@NFKNIFJP@?$AAR?$AAu?$AAn?$AA?9?$AAT?$AAi?$AAm?$AAe?$AA?5?$AAC?$AAh?$AAe?$AAc?$AAk?$AA?5?$AAF?$AAa?$AAi?$AAl?$AAu?$AAr?$AAe?$AA?5?$AA?$CD?$AA?$CF?$AAd?$AA?5?$AA?9?$AA?5?$AA?$CF?$AAs?$AA?$AA@ 1000a740     MSVCRTD:error.obj
 0002:00000780       ??_C@_0BB@PFFGGCJP@Unknown?5Filename?$AA@ 1000a780     MSVCRTD:error.obj
 0002:00000794       ??_C@_0BE@GNBOBNCK@Unknown?5Module?5Name?$AA@ 1000a794     MSVCRTD:error.obj
 0002:000007a8       ??_C@_0CA@IODNCDPG@Run?9Time?5Check?5Failure?5?$CD?$CFd?5?9?5?$CFs?$AA@ 1000a7a8     MSVCRTD:error.obj
 0002:000007c8       ??_C@_0CG@IAFNJNEE@Stack?5corrupted?5near?5unknown?5var@ 1000a7c8     MSVCRTD:error.obj
 0002:000007f0       ??_C@_05MKKEDADM@?$CF?42X?5?$AA@ 1000a7f0     MSVCRTD:error.obj
 0002:000007f8       ??_C@_1BG@OILDLIOJ@?$AAu?$AAs?$AAe?$AAr?$AA3?$AA2?$AA?4?$AAd?$AAl?$AAl?$AA?$AA@ 1000a7f8     MSVCRTD:error.obj
 0002:00000810       ??_C@_09FOPFMPEJ@wsprintfA?$AA@ 1000a810     MSVCRTD:error.obj
 0002:00000820       ??_C@_0EJ@LJKNEOLN@Stack?5area?5around?5_alloca?5memory@ 1000a820     MSVCRTD:error.obj
 0002:0000086c       ??_C@_08OMAHNMHJ@?6Data?3?5?$DM?$AA@ 1000a86c     MSVCRTD:error.obj
 0002:00000878       ??_C@_0CK@DKGBICFE@?6Allocation?5number?5within?5this?5f@ 1000a878     MSVCRTD:error.obj
 0002:000008a4       ??_C@_07DFDJCKFN@?6Size?3?5?$AA@ 1000a8a4     MSVCRTD:error.obj
 0002:000008ac       ??_C@_0N@MHFFIMFG@?6Address?3?50x?$AA@ 1000a8ac     MSVCRTD:error.obj
 0002:000008c0       ??_C@_0EI@CLEPFNGI@Stack?5area?5around?5_alloca?5memory@ 1000a8c0     MSVCRTD:error.obj
 0002:00000908       ??_C@_0BC@KIBAILCI@?$CFs?$CFs?$CFp?$CFs?$CFld?$CFs?$CFd?$CFs?$AA@ 1000a908     MSVCRTD:error.obj
 0002:0000091c       ??_C@_01EEMJAFIK@?6?$AA@   1000a91c     MSVCRTD:error.obj
 0002:00000920       ??_C@_02LLMPMKNF@?$DO?5?$AA@ 1000a920     MSVCRTD:error.obj
 0002:00000924       ??_C@_08KJEDNCKC@?$CFs?$CFs?$CFs?$CFs?$AA@ 1000a924     MSVCRTD:error.obj
 0002:00000930       ??_C@_0DE@OHJBPMBP@A?5variable?5is?5being?5used?5without@ 1000a930     MSVCRTD:error.obj
 0002:00000980       ??_C@_0BJ@HEGAHDFO@Stack?5pointer?5corruption?$AA@ 1000a980     MSVCRTD:userapi.obj
 0002:0000099c       ??_C@_0CK@FEGOIOPB@Cast?5to?5smaller?5type?5causing?5los@ 1000a99c     MSVCRTD:userapi.obj
 0002:000009c8       ??_C@_0BI@CIGMDCBH@Stack?5memory?5corruption?$AA@ 1000a9c8     MSVCRTD:userapi.obj
 0002:000009e0       ??_C@_0CK@CNLNOEPB@Local?5variable?5used?5before?5initi@ 1000a9e0     MSVCRTD:userapi.obj
 0002:00000a0c       ??_C@_0BP@OGBCLIBO@Stack?5around?5_alloca?5corrupted?$AA@ 1000aa0c     MSVCRTD:userapi.obj
 0002:00000a6c       ?LocalIdBitWidth@CrossScopeId@CodeViewInfo@@2IB 1000aa6c     MSVCRTD:pdblkup.obj
 0002:00000a70       ?IdScopeBitWidth@CrossScopeId@CodeViewInfo@@2IB 1000aa70     MSVCRTD:pdblkup.obj
 0002:00000a74       ?StartCrossScopeId@CrossScopeId@CodeViewInfo@@2IB 1000aa74     MSVCRTD:pdblkup.obj
 0002:00000a78       ?LocalIdMask@CrossScopeId@CodeViewInfo@@2IB 1000aa78     MSVCRTD:pdblkup.obj
 0002:00000a7c       ?ScopeIdMask@CrossScopeId@CodeViewInfo@@2IB 1000aa7c     MSVCRTD:pdblkup.obj
 0002:00000a80       ?MaxLocalId@CrossScopeId@CodeViewInfo@@2IB 1000aa80     MSVCRTD:pdblkup.obj
 0002:00000a84       ?MaxScopeId@CrossScopeId@CodeViewInfo@@2IB 1000aa84     MSVCRTD:pdblkup.obj
 0002:00000a88       ??_C@_1BK@GAEMIDIL@?$AAA?$AAD?$AAV?$AAA?$AAP?$AAI?$AA3?$AA2?$AA?4?$AAD?$AAL?$AAL?$AA?$AA@ 1000aa88     MSVCRTD:pdblkup.obj
 0002:00000aa4       ??_C@_0O@COHOBMLB@RegOpenKeyExW?$AA@ 1000aaa4     MSVCRTD:pdblkup.obj
 0002:00000ab4       ??_C@_0BB@GLNAEDBD@RegQueryValueExW?$AA@ 1000aab4     MSVCRTD:pdblkup.obj
 0002:00000ac8       ??_C@_0M@HLOHPNFA@RegCloseKey?$AA@ 1000aac8     MSVCRTD:pdblkup.obj
 0002:00000ad8       ??_C@_1FM@EGIBBNPP@?$AAS?$AAO?$AAF?$AAT?$AAW?$AAA?$AAR?$AAE?$AA?2?$AAM?$AAi?$AAc?$AAr?$AAo?$AAs?$AAo?$AAf?$AAt?$AA?2?$AAV?$AAi?$AAs?$AAu?$AAa?$AAl?$AAS?$AAt?$AAu?$AAd?$AAi?$AAo?$AA?2@ 1000aad8     MSVCRTD:pdblkup.obj
 0002:00000b34       ??_C@_1BG@EABPBLLF@?$AAP?$AAr?$AAo?$AAd?$AAu?$AAc?$AAt?$AAD?$AAi?$AAr?$AA?$AA@ 1000ab34     MSVCRTD:pdblkup.obj
 0002:00000b68       ??_C@_1BC@EOIMGOME@?$AAM?$AAS?$AAP?$AAD?$AAB?$AA1?$AA2?$AA0?$AA?$AA@ 1000ab68     MSVCRTD:pdblkup.obj
 0002:00000b7c       ??_C@_0BB@KCIACLNC@PDBOpenValidate5?$AA@ 1000ab7c     MSVCRTD:pdblkup.obj
 0002:00000b90       ??_C@_01KDCPPGHE@r?$AA@    1000ab90     MSVCRTD:pdblkup.obj
 0002:00000b98       __load_config_used         1000ab98     MSVCRTD:loadcfg.obj
 0002:0000105c       ??_R4error_category@std@@6B@ 1000b05c     lib.obj
 0002:00001074       ??_R3error_category@std@@8 1000b074     lib.obj
 0002:00001088       ??_R2error_category@std@@8 1000b088     lib.obj
 0002:00001090       ??_R1A@?0A@EA@error_category@std@@8 1000b090     lib.obj
 0002:000010b4       ??_R4_Generic_error_category@std@@6B@ 1000b0b4     lib.obj
 0002:000010cc       ??_R3_Generic_error_category@std@@8 1000b0cc     lib.obj
 0002:000010e0       ??_R2_Generic_error_category@std@@8 1000b0e0     lib.obj
 0002:000010ec       ??_R1A@?0A@EA@_Generic_error_category@std@@8 1000b0ec     lib.obj
 0002:00001110       ??_R4_Iostream_error_category@std@@6B@ 1000b110     lib.obj
 0002:00001128       ??_R3_Iostream_error_category@std@@8 1000b128     lib.obj
 0002:0000113c       ??_R2_Iostream_error_category@std@@8 1000b13c     lib.obj
 0002:0000114c       ??_R1A@?0A@EA@_Iostream_error_category@std@@8 1000b14c     lib.obj
 0002:00001170       ??_R4_System_error_category@std@@6B@ 1000b170     lib.obj
 0002:00001188       ??_R3_System_error_category@std@@8 1000b188     lib.obj
 0002:0000119c       ??_R2_System_error_category@std@@8 1000b19c     lib.obj
 0002:000011ac       ??_R1A@?0A@EA@_System_error_category@std@@8 1000b1ac     lib.obj
 0002:000011d0       ??_R4type_info@@6B@        1000b1d0     MSVCRTD:ti_inst.obj
 0002:000011e4       ??_R3type_info@@8          1000b1e4     MSVCRTD:ti_inst.obj
 0002:000011f4       ??_R2type_info@@8          1000b1f4     MSVCRTD:ti_inst.obj
 0002:000011fc       ??_R1A@?0A@EA@type_info@@8 1000b1fc     MSVCRTD:ti_inst.obj
 0002:00001330       ___safe_se_handler_table   1000b330     <linker-defined>
 0003:00000000       ___security_cookie         1000c000     MSVCRTD:gs_cookie.obj
 0003:00000004       ___security_cookie_complement 1000c004     MSVCRTD:gs_cookie.obj
 0003:00000010       ?_RTC_ErrorLevels@@3PAHA   1000c010     MSVCRTD:error.obj
 0003:0000012c       ??_R0?AVerror_category@std@@@8 1000c12c     lib.obj
 0003:00000154       ??_R0?AV_Generic_error_category@std@@@8 1000c154     lib.obj
 0003:00000188       ??_R0?AV_Iostream_error_category@std@@@8 1000c188     lib.obj
 0003:000001bc       ??_R0?AV_System_error_category@std@@@8 1000c1bc     lib.obj
 0003:000001f0       ??_R0?AVtype_info@@@8      1000c1f0     MSVCRTD:ti_inst.obj
 0003:00000314       ?_Generic_object@?$_Error_objects@H@std@@2V_Generic_error_category@2@A 1000c314     lib.obj
 0003:00000318       ?_Iostream_object@?$_Error_objects@H@std@@2V_Iostream_error_category@2@A 1000c318     lib.obj
 0003:0000031c       ?_System_object@?$_Error_objects@H@std@@2V_System_error_category@2@A 1000c31c     lib.obj
 0003:00000320       ?id@?$num_put@DV?$back_insert_iterator@V?$basic_string@DU?$char_traits@D@std@@V?$allocator@D@2@@std@@@std@@@std@@2V0locale@2@A 1000c320     lib.obj
 0003:00000324       ?id@?$num_put@_WV?$back_insert_iterator@V?$basic_string@_WU?$char_traits@_W@std@@V?$allocator@_W@2@@std@@@std@@@std@@2V0locale@2@A 1000c324     lib.obj
 0003:0000032c       ?wsprintffp@@3P6AHPADPBDZZA 1000c32c     MSVCRTD:error.obj
 0003:00000660       ___onexitend               1000c660     <common>
 0003:00000670       ___onexitbegin             1000c670     <common>
 0004:00000000       __imp__DecodePointer@4     1000d000     kernel32:KERNEL32.dll
 0004:00000004       __imp__IsDebuggerPresent@0 1000d004     kernel32:KERNEL32.dll
 0004:00000008       __imp__RaiseException@16   1000d008     kernel32:KERNEL32.dll
 0004:0000000c       __imp__GetLastError@0      1000d00c     kernel32:KERNEL32.dll
 0004:00000010       __imp__GetProcAddress@8    1000d010     kernel32:KERNEL32.dll
 0004:00000014       __imp__LoadLibraryExW@12   1000d014     kernel32:KERNEL32.dll
 0004:00000018       __imp__MultiByteToWideChar@24 1000d018     kernel32:KERNEL32.dll
 0004:0000001c       __imp__WideCharToMultiByte@32 1000d01c     kernel32:KERNEL32.dll
 0004:00000020       __imp__IsProcessorFeaturePresent@4 1000d020     kernel32:KERNEL32.dll
 0004:00000024       __imp__HeapAlloc@12        1000d024     kernel32:KERNEL32.dll
 0004:00000028       __imp__GetModuleHandleW@4  1000d028     kernel32:KERNEL32.dll
 0004:0000002c       __imp__GetModuleFileNameW@12 1000d02c     kernel32:KERNEL32.dll
 0004:00000030       __imp__FreeLibrary@4       1000d030     kernel32:KERNEL32.dll
 0004:00000034       __imp__VirtualQuery@12     1000d034     kernel32:KERNEL32.dll
 0004:00000038       __imp__GetProcessHeap@0    1000d038     kernel32:KERNEL32.dll
 0004:0000003c       __imp__HeapFree@12         1000d03c     kernel32:KERNEL32.dll
 0004:00000040       __imp__EncodePointer@4     1000d040     kernel32:KERNEL32.dll
 0004:00000044       \177KERNEL32_NULL_THUNK_DATA 1000d044     kernel32:KERNEL32.dll
 0004:0000007c       __imp_?_Winerror_map@std@@YAPBDH@Z 1000d07c     msvcprtd:MSVCP120D.dll
 0004:00000080       __imp_?_Syserror_map@std@@YAPBDH@Z 1000d080     msvcprtd:MSVCP120D.dll
 0004:00000084       __imp_??0id@locale@std@@QAE@I@Z 1000d084     msvcprtd:MSVCP120D.dll
 0004:00000088       __imp_?_Xout_of_range@std@@YAXPBD@Z 1000d088     msvcprtd:MSVCP120D.dll
 0004:0000008c       __imp_?_Xlength_error@std@@YAXPBD@Z 1000d08c     msvcprtd:MSVCP120D.dll
 0004:00000090       __imp_?_Xbad_alloc@std@@YAXXZ 1000d090     msvcprtd:MSVCP120D.dll
 0004:00000094       __imp_?_Orphan_all@_Container_base12@std@@QAEXXZ 1000d094     msvcprtd:MSVCP120D.dll
 0004:00000098       __imp_??1_Container_base12@std@@QAE@XZ 1000d098     msvcprtd:MSVCP120D.dll
 0004:0000009c       __imp_??0_Container_base12@std@@QAE@XZ 1000d09c     msvcprtd:MSVCP120D.dll
 0004:000000a0       __imp_?_Debug_message@std@@YAXPB_W0I@Z 1000d0a0     msvcprtd:MSVCP120D.dll
 0004:000000a4       \177MSVCP120D_NULL_THUNK_DATA 1000d0a4     msvcprtd:MSVCP120D.dll
 0004:000000d8       __imp___except_handler4_common 1000d0d8     MSVCRTD:MSVCR120D.dll
 0004:000000dc       __imp___crt_debugger_hook  1000d0dc     MSVCRTD:MSVCR120D.dll
 0004:000000e0       __imp____crtUnhandledException 1000d0e0     MSVCRTD:MSVCR120D.dll
 0004:000000e4       __imp____crtTerminateProcess 1000d0e4     MSVCRTD:MSVCR120D.dll
 0004:000000e8       __imp_?terminate@@YAXXZ    1000d0e8     MSVCRTD:MSVCR120D.dll
 0004:000000ec       __imp__wcscpy_s            1000d0ec     MSVCRTD:MSVCR120D.dll
 0004:000000f0       __imp___wmakepath_s        1000d0f0     MSVCRTD:MSVCR120D.dll
 0004:000000f4       __imp___wsplitpath_s       1000d0f4     MSVCRTD:MSVCR120D.dll
 0004:000000f8       __imp___CRT_RTC_INITW      1000d0f8     MSVCRTD:MSVCR120D.dll
 0004:000000fc       __imp___onexit             1000d0fc     MSVCRTD:MSVCR120D.dll
 0004:00000100       __imp____dllonexit         1000d100     MSVCRTD:MSVCR120D.dll
 0004:00000104       __imp___calloc_dbg         1000d104     MSVCRTD:MSVCR120D.dll
 0004:00000108       __imp___CrtDbgReportW      1000d108     MSVCRTD:MSVCR120D.dll
 0004:0000010c       __imp___unlock             1000d10c     MSVCRTD:MSVCR120D.dll
 0004:00000110       __imp___lock               1000d110     MSVCRTD:MSVCR120D.dll
 0004:00000114       __imp____CxxFrameHandler3  1000d114     MSVCRTD:MSVCR120D.dll
 0004:00000118       __imp___CxxThrowException@8 1000d118     MSVCRTD:MSVCR120D.dll
 0004:0000011c       __imp__memmove             1000d11c     MSVCRTD:MSVCR120D.dll
 0004:00000120       __imp__strlen              1000d120     MSVCRTD:MSVCR120D.dll
 0004:00000124       __imp__memcpy              1000d124     MSVCRTD:MSVCR120D.dll
 0004:00000128       __imp___hypot              1000d128     MSVCRTD:MSVCR120D.dll
 0004:0000012c       __imp_??3@YAXPAX@Z         1000d12c     MSVCRTD:MSVCR120D.dll
 0004:00000130       __imp_??2@YAPAXI@Z         1000d130     MSVCRTD:MSVCR120D.dll
 0004:00000134       __imp___purecall           1000d134     MSVCRTD:MSVCR120D.dll
 0004:00000138       __imp_??1type_info@@UAE@XZ 1000d138     MSVCRTD:MSVCR120D.dll
 0004:0000013c       \177MSVCR120D_NULL_THUNK_DATA 1000d13c     MSVCRTD:MSVCR120D.dll
 0004:0000017c       __IMPORT_DESCRIPTOR_MSVCP120D 1000d17c     msvcprtd:MSVCP120D.dll
 0004:00000190       __IMPORT_DESCRIPTOR_MSVCR120D 1000d190     MSVCRTD:MSVCR120D.dll
 0004:000001a4       __IMPORT_DESCRIPTOR_KERNEL32 1000d1a4     kernel32:KERNEL32.dll
 0004:000001b8       __NULL_IMPORT_DESCRIPTOR   1000d1b8     msvcprtd:MSVCP120D.dll
 0005:00000000       _str                       1000e000     lib.obj
