 lab4

 Timestamp is 57261859 (Sun May 01 17:53:13 2016)

 Preferred load address is 00400000

 Start         Length     Name                   Class
 0001:00000000 000014c2H .text$di                CODE
 0001:000014d0 00008475H .text$mn                CODE
 0001:00009950 000013eaH .text$x                 CODE
 0001:0000ad40 0000105fH .text$yd                CODE
 0002:00000000 00000104H .CRT$XCA                DATA
 0002:00000104 00000104H .CRT$XCAA               DATA
 0002:00000208 00000125H .CRT$XCU                DATA
 0002:00000330 00000104H .CRT$XCZ                DATA
 0002:00000434 00000104H .CRT$XIA                DATA
 0002:00000538 00000104H .CRT$XIAA               DATA
 0002:0000063c 00000104H .CRT$XIC                DATA
 0002:00000740 00000104H .CRT$XIY                DATA
 0002:00000844 00000104H .CRT$XIZ                DATA
 0002:00000950 000016c8H .rdata                  DATA
 0002:00002018 0000016eH .rdata$debug            DATA
 0002:00002188 000002d4H .rdata$r                DATA
 0002:00002460 00000148H .rdata$sxdata           DATA
 0002:000025a8 00000104H .rtc$IAA                DATA
 0002:000026ac 00000104H .rtc$IMZ                DATA
 0002:000027b0 00000104H .rtc$IZZ                DATA
 0002:000028b4 00000104H .rtc$TAA                DATA
 0002:000029b8 00000104H .rtc$TMZ                DATA
 0002:00002abc 00000104H .rtc$TZZ                DATA
 0002:00002bc0 00000637H .xdata$x                DATA
 0002:000031f7 00000000H .edata                  DATA
 0003:00000000 00000139H .data                   DATA
 0003:0000013c 000001e4H .data$r                 DATA
 0003:00000320 000003c0H .bss                    DATA
 0004:00000000 00000264H .idata$5                DATA
 0004:00000264 00000050H .idata$2                DATA
 0004:000002b4 00000014H .idata$3                DATA
 0004:000002c8 00000264H .idata$4                DATA
 0004:0000052c 000008c9H .idata$6                DATA
 0005:00000000 00000104H .shared                 DATA
 0006:00000000 00000169H .rsrc$01                DATA
 0006:00000170 000002ccH .rsrc$02                DATA

  Address         Publics by Value              Rva+Base       Lib:Object

 0000:00000000       ___guard_fids_table        00000000     <absolute>
 0000:00000000       ___guard_flags             00000000     <absolute>
 0000:00000000       ___guard_fids_count        00000000     <absolute>
 0000:00000000       __except_list              00000000     <absolute>
 0000:0000000f       ___safe_se_handler_count   0000000f     <absolute>
 0000:00009876       __ldused                   00009876     <absolute>
 0000:00009876       __fltused                  00009876     <absolute>
 0000:00000000       ___ImageBase               00400000     <linker-defined>
 0001:000014d0       _WinMain@16                004024d0 f   main.obj
 0001:00001740       ?WindowProc@@YGJPAUHWND__@@IIJ@Z 00402740 f   main.obj
 0001:00001ba0       ??$?8DD@std@@YA_NABV?$allocator@D@0@0@Z 00402ba0 f i main.obj
 0001:00001bb0       ??$?8V?$allocator@D@std@@V01@@std@@YA_NABU?$_Wrap_alloc@V?$allocator@D@std@@@0@0@Z 00402bb0 f i main.obj
 0001:00001c00       ??$?9V?$allocator@D@std@@V01@@std@@YA_NABU?$_Wrap_alloc@V?$allocator@D@std@@@0@0@Z 00402c00 f i main.obj
 0001:00001c60       ??$?HDU?$char_traits@D@std@@V?$allocator@D@1@@std@@YA?AV?$basic_string@DU?$char_traits@D@std@@V?$allocator@D@2@@0@PBD$$QAV10@@Z 00402c60 f i main.obj
 0001:00001cc0       ??$_Allocate@D@std@@YAPADIPAD@Z 00402cc0 f i main.obj
 0001:00001d30       ??$_Allocate@U_Container_proxy@std@@@std@@YAPAU_Container_proxy@0@IPAU10@@Z 00402d30 f i main.obj
 0001:00001db0       ??$_Debug_pointer@D@std@@YAXPBDPB_WI@Z 00402db0 f i main.obj
 0001:00001df0       ??$addressof@D@std@@YAPADAAD@Z 00402df0 f i main.obj
 0001:00001e00       ??$assign@V?$_String_iterator@V?$_String_val@U?$_Simple_types@D@std@@@std@@@std@@@?$basic_string@DU?$char_traits@D@std@@V?$allocator@D@2@@std@@QAEAAV01@V?$_String_iterator@V?$_String_val@U?$_Simple_types@D@std@@@std@@@1@0@Z 00402e00 f i main.obj
 0001:00001fa0       ??$construct@PADAAPAD@?$_Wrap_alloc@V?$allocator@D@std@@@std@@QAEXPAPADAAPAD@Z 00402fa0 f i main.obj
 0001:00001ff0       ??$construct@PADAAPAD@?$allocator@D@std@@QAEXPAPADAAPAD@Z 00402ff0 f i main.obj
 0001:000020c0       ??$construct@PADAAPAD@?$allocator_traits@V?$allocator@D@std@@@std@@SAXAAV?$allocator@D@1@PAPADAAPAD@Z 004030c0 f i main.obj
 0001:000020f0       ??$construct@U_Container_proxy@std@@U12@@?$allocator@U_Container_proxy@std@@@std@@QAEXPAU_Container_proxy@1@$$QAU21@@Z 004030f0 f i main.obj
 0001:000021c0       ??$destroy@PAD@?$_Wrap_alloc@V?$allocator@D@std@@@std@@QAEXPAPAD@Z 004031c0 f i main.obj
 0001:00002200       ??$destroy@PAD@?$allocator@D@std@@QAEXPAPAD@Z 00403200 f i main.obj
 0001:00002220       ??$destroy@PAD@?$allocator_traits@V?$allocator@D@std@@@std@@SAXAAV?$allocator@D@1@PAPAD@Z 00403220 f i main.obj
 0001:00002240       ??$destroy@U_Container_proxy@std@@@?$allocator@U_Container_proxy@std@@@std@@QAEXPAU_Container_proxy@1@@Z 00403240 f i main.obj
 0001:00002260       ??$forward@AAPAD@std@@YAAAPADAAPAD@Z 00403260 f i main.obj
 0001:00002270       ??$forward@U_Container_proxy@std@@@std@@YA$$QAU_Container_proxy@0@AAU10@@Z 00403270 f i main.obj
 0001:00002280       ??$forward@V?$basic_string@DU?$char_traits@D@std@@V?$allocator@D@2@@std@@@std@@YA$$QAV?$basic_string@DU?$char_traits@D@std@@V?$allocator@D@2@@0@AAV10@@Z 00403280 f i main.obj
 0001:00002290       ??$move@AAV?$basic_string@DU?$char_traits@D@std@@V?$allocator@D@2@@std@@@std@@YA$$QAV?$basic_string@DU?$char_traits@D@std@@V?$allocator@D@2@@0@AAV10@@Z 00403290 f i main.obj
 0001:000022a0       ??0?$_Iterator012@Urandom_access_iterator_tag@std@@DHPBDABDU_Iterator_base12@2@@std@@QAE@ABU01@@Z 004032a0 f i main.obj
 0001:000022e0       ??0?$_Iterator012@Urandom_access_iterator_tag@std@@DHPBDABDU_Iterator_base12@2@@std@@QAE@XZ 004032e0 f i main.obj
 0001:00002310       ??0?$_String_alloc@$0A@U?$_String_base_types@DV?$allocator@D@std@@@std@@@std@@QAE@ABV?$allocator@D@1@@Z 00403310 f i main.obj
 0001:000023a0       ??0?$_String_const_iterator@V?$_String_val@U?$_Simple_types@D@std@@@std@@@std@@QAE@ABV01@@Z 004033a0 f i main.obj
 0001:000023f0       ??0?$_String_const_iterator@V?$_String_val@U?$_Simple_types@D@std@@@std@@@std@@QAE@PBDPBU_Container_base12@1@@Z 004033f0 f i main.obj
 0001:00002490       ??0?$_String_iterator@V?$_String_val@U?$_Simple_types@D@std@@@std@@@std@@QAE@ABV01@@Z 00403490 f i main.obj
 0001:000024d0       ??0?$_String_iterator@V?$_String_val@U?$_Simple_types@D@std@@@std@@@std@@QAE@PADPBU_Container_base12@1@@Z 004034d0 f i main.obj
 0001:00002510       ??0?$_String_val@U?$_Simple_types@D@std@@@std@@QAE@XZ 00403510 f i main.obj
 0001:00002570       ??0?$_Wrap_alloc@V?$allocator@D@std@@@std@@QAE@XZ 00403570 f i main.obj
 0001:000025a0       ??0?$allocator@D@std@@QAE@ABV01@@Z 004035a0 f i main.obj
 0001:000025c0       ??0?$allocator@D@std@@QAE@XZ 004035c0 f i main.obj
 0001:000025e0       ??0?$allocator@U_Container_proxy@std@@@std@@QAE@XZ 004035e0 f i main.obj
 0001:00002600       ??0?$basic_string@DU?$char_traits@D@std@@V?$allocator@D@2@@std@@QAE@$$QAV01@@Z 00403600 f i main.obj
 0001:00002680       ??0?$basic_string@DU?$char_traits@D@std@@V?$allocator@D@2@@std@@QAE@PBD@Z 00403680 f i main.obj
 0001:00002730       ??0?$basic_string@DU?$char_traits@D@std@@V?$allocator@D@2@@std@@QAE@XZ 00403730 f i main.obj
 0001:000027d0       ??0_Container_proxy@std@@QAE@XZ 004037d0 f i main.obj
 0001:00002810       ??0_Generic_error_category@std@@QAE@XZ 00403810 f i main.obj
 0001:00002850       ??0_Iostream_error_category@std@@QAE@XZ 00403850 f i main.obj
 0001:00002890       ??0_Iterator_base12@std@@QAE@ABU01@@Z 00403890 f i main.obj
 0001:000028e0       ??0_Iterator_base12@std@@QAE@XZ 004038e0 f i main.obj
 0001:00002920       ??0_System_error_category@std@@QAE@XZ 00403920 f i main.obj
 0001:00002960       ??0error_category@std@@QAE@XZ 00403960 f i main.obj
 0001:00002990       ??0error_condition@std@@QAE@HABVerror_category@1@@Z 00403990 f i main.obj
 0001:000029d0       ??1?$_Iterator012@Urandom_access_iterator_tag@std@@DHPBDABDU_Iterator_base12@2@@std@@QAE@XZ 004039d0 f i main.obj
 0001:00002a00       ??1?$_String_alloc@$0A@U?$_String_base_types@DV?$allocator@D@std@@@std@@@std@@QAE@XZ 00403a00 f i main.obj
 0001:00002a40       ??1?$_String_const_iterator@V?$_String_val@U?$_Simple_types@D@std@@@std@@@std@@QAE@XZ 00403a40 f i main.obj
 0001:00002a70       ??1?$_String_iterator@V?$_String_val@U?$_Simple_types@D@std@@@std@@@std@@QAE@XZ 00403a70 f i main.obj
 0001:00002aa0       ??1?$_String_val@U?$_Simple_types@D@std@@@std@@QAE@XZ 00403aa0 f i main.obj
 0001:00002ae0       ??1?$basic_string@DU?$char_traits@D@std@@V?$allocator@D@2@@std@@QAE@XZ 00403ae0 f i main.obj
 0001:00002b20       ??1_Generic_error_category@std@@UAE@XZ 00403b20 f i main.obj
 0001:00002b50       ??1_Iostream_error_category@std@@UAE@XZ 00403b50 f i main.obj
 0001:00002b80       ??1_Iterator_base12@std@@QAE@XZ 00403b80 f i main.obj
 0001:00002c30       ??1_System_error_category@std@@UAE@XZ 00403c30 f i main.obj
 0001:00002c60       ??1error_category@std@@UAE@XZ 00403c60 f i main.obj
 0001:00002c90       ??2@YAPAXIPAX@Z            00403c90 f i main.obj
 0001:00002ca0       ??3@YAXPAX0@Z              00403ca0 f i main.obj
 0001:00002cb0       ??4?$basic_string@DU?$char_traits@D@std@@V?$allocator@D@2@@std@@QAEAAV01@$$QAV01@@Z 00403cb0 f i main.obj
 0001:00002db0       ??4_Iterator_base12@std@@QAEAAU01@ABU01@@Z 00403db0 f i main.obj
 0001:00002ee0       ??8?$_String_const_iterator@V?$_String_val@U?$_Simple_types@D@std@@@std@@@std@@QBE_NABV01@@Z 00403ee0 f i main.obj
 0001:00002f50       ??8error_category@std@@QBE_NABV01@@Z 00403f50 f i main.obj
 0001:00002fa0       ??8error_condition@std@@QBE_NABV01@@Z 00403fa0 f i main.obj
 0001:00003030       ??D?$_String_const_iterator@V?$_String_val@U?$_Simple_types@D@std@@@std@@@std@@QBEABDXZ 00404030 f i main.obj
 0001:00003160       ??D?$_String_iterator@V?$_String_val@U?$_Simple_types@D@std@@@std@@@std@@QBEAADXZ 00404160 f i main.obj
 0001:00003190       ??G?$_String_const_iterator@V?$_String_val@U?$_Simple_types@D@std@@@std@@@std@@QBEHABV01@@Z 00404190 f i main.obj
 0001:000031e0       ??G?$_String_iterator@V?$_String_val@U?$_Simple_types@D@std@@@std@@@std@@QBEHABV?$_String_const_iterator@V?$_String_val@U?$_Simple_types@D@std@@@std@@@1@@Z 004041e0 f i main.obj
 0001:000032a0       ??_E_Generic_error_category@std@@UAEPAXI@Z 004042a0 f i main.obj
 0001:000032a0       ??_G_Generic_error_category@std@@UAEPAXI@Z 004042a0 f i main.obj
 0001:000032f0       ??_G_Iostream_error_category@std@@UAEPAXI@Z 004042f0 f i main.obj
 0001:000032f0       ??_E_Iostream_error_category@std@@UAEPAXI@Z 004042f0 f i main.obj
 0001:00003340       ??_E_System_error_category@std@@UAEPAXI@Z 00404340 f i main.obj
 0001:00003340       ??_G_System_error_category@std@@UAEPAXI@Z 00404340 f i main.obj
 0001:00003390       ??_Eerror_category@std@@UAEPAXI@Z 00404390 f i main.obj
 0001:00003390       ??_Gerror_category@std@@UAEPAXI@Z 00404390 f i main.obj
 0001:000033e0       ?_Adopt@_Iterator_base12@std@@QAEXPBU_Container_base12@2@@Z 004043e0 f i main.obj
 0001:00003590       ?_Alloc_proxy@?$_String_alloc@$0A@U?$_String_base_types@DV?$allocator@D@std@@@std@@@std@@QAEXXZ 00404590 f i main.obj
 0001:00003650       ?_Assign_rv@?$basic_string@DU?$char_traits@D@std@@V?$allocator@D@2@@std@@QAEX$$QAV12@@Z 00404650 f i main.obj
 0001:00003720       ?_Change_alloc@?$_String_alloc@$0A@U?$_String_base_types@DV?$allocator@D@std@@@std@@@std@@QAEXABU?$_Wrap_alloc@V?$allocator@D@std@@@2@@Z 00404720 f i main.obj
 0001:00003740       ?_Compat@?$_String_const_iterator@V?$_String_val@U?$_Simple_types@D@std@@@std@@@std@@QBEXABV12@@Z 00404740 f i main.obj
 0001:00003840       ?_Copy@?$basic_string@DU?$char_traits@D@std@@V?$allocator@D@2@@std@@QAEXII@Z 00404840 f i main.obj
 0001:00003ac0       ?_Eos@?$basic_string@DU?$char_traits@D@std@@V?$allocator@D@2@@std@@QAEXI@Z 00404ac0 f i main.obj
 0001:00003b20       ?_Free_proxy@?$_String_alloc@$0A@U?$_String_base_types@DV?$allocator@D@std@@@std@@@std@@QAEXXZ 00404b20 f i main.obj
 0001:00003be0       ?_Getal@?$_String_alloc@$0A@U?$_String_base_types@DV?$allocator@D@std@@@std@@@std@@QBE?AU?$_Wrap_alloc@V?$allocator@D@std@@@2@XZ 00404be0 f i main.obj
 0001:00003c20       ?_Getcont@_Iterator_base12@std@@QBEPBU_Container_base12@2@XZ 00404c20 f i main.obj
 0001:00003c70       ?_Grow@?$basic_string@DU?$char_traits@D@std@@V?$allocator@D@2@@std@@QAE_NI_N@Z 00404c70 f i main.obj
 0001:00003d70       ?_Inside@?$basic_string@DU?$char_traits@D@std@@V?$allocator@D@2@@std@@QAE_NPBD@Z 00404d70 f i main.obj
 0001:00003dd0       ?_Myptr@?$_String_val@U?$_Simple_types@D@std@@@std@@QAEPADXZ 00404dd0 f i main.obj
 0001:00003e40       ?_Myptr@?$_String_val@U?$_Simple_types@D@std@@@std@@QBEPBDXZ 00404e40 f i main.obj
 0001:00003eb0       ?_Orphan_me@_Iterator_base12@std@@QAEXXZ 00404eb0 f i main.obj
 0001:00003f70       ?_Pdif@?$basic_string@DU?$char_traits@D@std@@V?$allocator@D@2@@std@@SAIV?$_String_const_iterator@V?$_String_val@U?$_Simple_types@D@std@@@std@@@2@0@Z 00404f70 f i main.obj
 0001:00004030       ?_Tidy@?$basic_string@DU?$char_traits@D@std@@V?$allocator@D@2@@std@@QAEX_NI@Z 00405030 f i main.obj
 0001:00004130       ?_Xlen@?$basic_string@DU?$char_traits@D@std@@V?$allocator@D@2@@std@@QBEXXZ 00405130 f i main.obj
 0001:00004170       ?_Xran@?$basic_string@DU?$char_traits@D@std@@V?$allocator@D@2@@std@@QBEXXZ 00405170 f i main.obj
 0001:000041b0       ?allocate@?$_Wrap_alloc@V?$allocator@D@std@@@std@@QAEPADI@Z 004051b0 f i main.obj
 0001:000041f0       ?allocate@?$allocator@D@std@@QAEPADI@Z 004051f0 f i main.obj
 0001:00004230       ?allocate@?$allocator@U_Container_proxy@std@@@std@@QAEPAU_Container_proxy@2@I@Z 00405230 f i main.obj
 0001:00004270       ?assign@?$basic_string@DU?$char_traits@D@std@@V?$allocator@D@2@@std@@QAEAAV12@ABV12@II@Z 00405270 f i main.obj
 0001:00004370       ?assign@?$basic_string@DU?$char_traits@D@std@@V?$allocator@D@2@@std@@QAEAAV12@PBD@Z 00405370 f i main.obj
 0001:000043d0       ?assign@?$basic_string@DU?$char_traits@D@std@@V?$allocator@D@2@@std@@QAEAAV12@PBDI@Z 004053d0 f i main.obj
 0001:000044b0       ?assign@?$char_traits@D@std@@SAXAADABD@Z 004054b0 f i main.obj
 0001:000044d0       ?begin@?$basic_string@DU?$char_traits@D@std@@V?$allocator@D@2@@std@@QAE?AV?$_String_iterator@V?$_String_val@U?$_Simple_types@D@std@@@std@@@2@XZ 004054d0 f i main.obj
 0001:00004520       ?c_str@?$basic_string@DU?$char_traits@D@std@@V?$allocator@D@2@@std@@QBEPBDXZ 00405520 f i main.obj
 0001:00004550       ?category@error_code@std@@QBEABVerror_category@2@XZ 00405550 f i main.obj
 0001:00004570       ?category@error_condition@std@@QBEABVerror_category@2@XZ 00405570 f i main.obj
 0001:00004590       ?copy@?$char_traits@D@std@@SAPADPADPBDI@Z 00405590 f i main.obj
 0001:000045f0       ?deallocate@?$_Wrap_alloc@V?$allocator@D@std@@@std@@QAEXPADI@Z 004055f0 f i main.obj
 0001:00004630       ?deallocate@?$allocator@D@std@@QAEXPADI@Z 00405630 f i main.obj
 0001:00004670       ?deallocate@?$allocator@U_Container_proxy@std@@@std@@QAEXPAU_Container_proxy@2@I@Z 00405670 f i main.obj
 0001:000046b0       ?default_error_condition@_System_error_category@std@@UBE?AVerror_condition@2@H@Z 004056b0 f i main.obj
 0001:00004740       ?default_error_condition@error_category@std@@UBE?AVerror_condition@2@H@Z 00405740 f i main.obj
 0001:00004780       ?end@?$basic_string@DU?$char_traits@D@std@@V?$allocator@D@2@@std@@QAE?AV?$_String_iterator@V?$_String_val@U?$_Simple_types@D@std@@@std@@@2@XZ 00405780 f i main.obj
 0001:000047d0       ?equivalent@error_category@std@@UBE_NABVerror_code@2@H@Z 004057d0 f i main.obj
 0001:00004850       ?equivalent@error_category@std@@UBE_NHABVerror_condition@2@@Z 00405850 f i main.obj
 0001:000048c0       ?erase@?$basic_string@DU?$char_traits@D@std@@V?$allocator@D@2@@std@@QAEAAV12@I@Z 004058c0 f i main.obj
 0001:00004910       ?erase@?$basic_string@DU?$char_traits@D@std@@V?$allocator@D@2@@std@@QAEAAV12@II@Z 00405910 f i main.obj
 0001:000049e0       ?generic_category@std@@YAABVerror_category@1@XZ 004059e0 f i main.obj
 0001:000049f0       ?insert@?$basic_string@DU?$char_traits@D@std@@V?$allocator@D@2@@std@@QAEAAV12@IABV12@II@Z 004059f0 f i main.obj
 0001:00004ba0       ?insert@?$basic_string@DU?$char_traits@D@std@@V?$allocator@D@2@@std@@QAEAAV12@IPBD@Z 00405ba0 f i main.obj
 0001:00004c10       ?insert@?$basic_string@DU?$char_traits@D@std@@V?$allocator@D@2@@std@@QAEAAV12@IPBDI@Z 00405c10 f i main.obj
 0001:00004d80       ?length@?$char_traits@D@std@@SAIPBD@Z 00405d80 f i main.obj
 0001:00004dd0       ?max_size@?$_Wrap_alloc@V?$allocator@D@std@@@std@@QBEIXZ 00405dd0 f i main.obj
 0001:00004e10       ?max_size@?$allocator@D@std@@QBEIXZ 00405e10 f i main.obj
 0001:00004e30       ?max_size@?$allocator_traits@V?$allocator@D@std@@@std@@SAIABV?$allocator@D@2@@Z 00405e30 f i main.obj
 0001:00004e50       ?max_size@?$basic_string@DU?$char_traits@D@std@@V?$allocator@D@2@@std@@QBEIXZ 00405e50 f i main.obj
 0001:00004ec0       ?message@_Generic_error_category@std@@UBE?AV?$basic_string@DU?$char_traits@D@std@@V?$allocator@D@2@@2@H@Z 00405ec0 f i main.obj
 0001:00004f60       ?message@_Iostream_error_category@std@@UBE?AV?$basic_string@DU?$char_traits@D@std@@V?$allocator@D@2@@2@H@Z 00405f60 f i main.obj
 0001:00004ff0       ?message@_System_error_category@std@@UBE?AV?$basic_string@DU?$char_traits@D@std@@V?$allocator@D@2@@2@H@Z 00405ff0 f i main.obj
 0001:00005090       ?move@?$char_traits@D@std@@SAPADPADPBDI@Z 00406090 f i main.obj
 0001:000050f0       ?name@_Generic_error_category@std@@UBEPBDXZ 004060f0 f i main.obj
 0001:00005110       ?name@_Iostream_error_category@std@@UBEPBDXZ 00406110 f i main.obj
 0001:00005130       ?name@_System_error_category@std@@UBEPBDXZ 00406130 f i main.obj
 0001:00005150       ?replace@?$basic_string@DU?$char_traits@D@std@@V?$allocator@D@2@@std@@QAEAAV12@IIABV12@II@Z 00406150 f i main.obj
 0001:000054e0       ?replace@?$basic_string@DU?$char_traits@D@std@@V?$allocator@D@2@@std@@QAEAAV12@IIPBDI@Z 004064e0 f i main.obj
 0001:000056f0       ?replace@?$basic_string@DU?$char_traits@D@std@@V?$allocator@D@2@@std@@QAEAAV12@V?$_String_const_iterator@V?$_String_val@U?$_Simple_types@D@std@@@std@@@2@0V?$_String_iterator@V?$_String_val@U?$_Simple_types@D@std@@@std@@@2@1@Z 004066f0 f i main.obj
 0001:000059f0       ?size@?$basic_string@DU?$char_traits@D@std@@V?$allocator@D@2@@std@@QBEIXZ 004069f0 f i main.obj
 0001:00005a10       ?system_category@std@@YAABVerror_category@1@XZ 00406a10 f i main.obj
 0001:00005a20       ?to_string@std@@YA?AV?$basic_string@DU?$char_traits@D@std@@V?$allocator@D@2@@1@H@Z 00406a20 f i main.obj
 0001:00005af0       ?value@error_code@std@@QBEHXZ 00406af0 f i main.obj
 0001:00005b10       ?value@error_condition@std@@QBEHXZ 00406b10 f i main.obj
 0001:00005b30       _hypot                     00406b30 f i main.obj
 0001:00005b78       _GetMessageA@16            00406b78 f   user32:USER32.dll
 0001:00005b7e       _TranslateMessage@4        00406b7e f   user32:USER32.dll
 0001:00005b84       _DispatchMessageA@4        00406b84 f   user32:USER32.dll
 0001:00005b8a       _SendMessageA@16           00406b8a f   user32:USER32.dll
 0001:00005b90       _DefWindowProcA@16         00406b90 f   user32:USER32.dll
 0001:00005b96       _PostQuitMessage@4         00406b96 f   user32:USER32.dll
 0001:00005b9c       _RegisterClassA@4          00406b9c f   user32:USER32.dll
 0001:00005ba2       _CreateWindowExA@48        00406ba2 f   user32:USER32.dll
 0001:00005ba8       _ShowWindow@8              00406ba8 f   user32:USER32.dll
 0001:00005bae       _UpdateWindow@4            00406bae f   user32:USER32.dll
 0001:00005bb4       _SetWindowTextA@8          00406bb4 f   user32:USER32.dll
 0001:00005bba       _GetWindowLongA@8          00406bba f   user32:USER32.dll
 0001:00005bc0       __purecall                 00406bc0 f   MSVCRTD:MSVCR120D.dll
 0001:00005bc6       ??2@YAPAXI@Z               00406bc6 f   MSVCRTD:MSVCR120D.dll
 0001:00005bcc       ??3@YAXPAX@Z               00406bcc f   MSVCRTD:MSVCR120D.dll
 0001:00005be0       ___atonexitinit            00406be0 f   MSVCRTD:atonexit.obj
 0001:00005c90       __onexit                   00406c90 f   MSVCRTD:atonexit.obj
 0001:00005d90       _atexit                    00406d90 f   MSVCRTD:atonexit.obj
 0001:00005dbc       __invalid_parameter        00406dbc f   MSVCRTD:MSVCR120D.dll
 0001:00005dc2       __hypot                    00406dc2 f   MSVCRTD:MSVCR120D.dll
 0001:00005dc8       _sprintf_s                 00406dc8 f   MSVCRTD:MSVCR120D.dll
 0001:00005dce       _memcpy                    00406dce f   MSVCRTD:MSVCR120D.dll
 0001:00005dd4       _strlen                    00406dd4 f   MSVCRTD:MSVCR120D.dll
 0001:00005dda       _memmove                   00406dda f   MSVCRTD:MSVCR120D.dll
 0001:00005de0       __CrtDbgReportW            00406de0 f   MSVCRTD:MSVCR120D.dll
 0001:00005df0       @_RTC_AllocaHelper@12      00406df0 f   MSVCRTD:stack.obj
 0001:00005e30       @_RTC_CheckStackVars2@12   00406e30 f   MSVCRTD:stack.obj
 0001:00005f10       @_RTC_CheckStackVars@8     00406f10 f   MSVCRTD:stack.obj
 0001:00005f70       __RTC_CheckEsp             00406f70 f   MSVCRTD:stack.obj
 0001:00005fa0       @__security_check_cookie@4 00406fa0 f   MSVCRTD:secchk.obj
 0001:00005fb0       __CxxThrowException@8      00406fb0 f   MSVCRTD:MSVCR120D.dll
 0001:00005fc0       __RTC_InitBase             00406fc0 f   MSVCRTD:init.obj
 0001:00005ff0       __RTC_Shutdown             00406ff0 f   MSVCRTD:init.obj
 0001:00006004       ___CxxFrameHandler3        00407004 f   MSVCRTD:MSVCR120D.dll
 0001:00006010       ??0type_info@@AAE@ABV0@@Z  00407010 f   MSVCRTD:ti_inst.obj
 0001:00006030       ??4type_info@@AAEAAV0@ABV0@@Z 00407030 f   MSVCRTD:ti_inst.obj
 0001:00006040       ??_Etype_info@@UAEPAXI@Z   00407040 f i MSVCRTD:ti_inst.obj
 0001:000061a0       _NtCurrentTeb              004071a0 f i MSVCRTD:crtexew.obj
 0001:000061b0       _WinMainCRTStartup         004071b0 f   MSVCRTD:crtexew.obj
 0001:00006522       __lock                     00407522 f   MSVCRTD:MSVCR120D.dll
 0001:00006528       __unlock                   00407528 f   MSVCRTD:MSVCR120D.dll
 0001:0000652e       __calloc_dbg               0040752e f   MSVCRTD:MSVCR120D.dll
 0001:00006534       ___dllonexit               00407534 f   MSVCRTD:MSVCR120D.dll
 0001:00006540       __except_handler4          00407540 f   MSVCRTD:chandler4gs.obj
 0001:000066c0       ?_RTC_AllocaFailure@@YAXPAXPAU_RTC_ALLOCA_NODE@@H@Z 004076c0 f   MSVCRTD:error.obj
 0001:00006840       ?_RTC_Failure@@YAXPAXH@Z   00407840 f   MSVCRTD:error.obj
 0001:00006890       ?_RTC_StackFailure@@YAXPAXPBD@Z 00407890 f   MSVCRTD:error.obj
 0001:00006c10       __RTC_UninitUse            00407c10 f   MSVCRTD:error.obj
 0001:00006d00       ___raise_securityfailure   00407d00 f   MSVCRTD:gs_report.obj
 0001:00006d50       ___report_gsfailure        00407d50 f   MSVCRTD:gs_report.obj
 0001:00006e60       ___report_rangecheckfailure 00407e60 f   MSVCRTD:gs_report.obj
 0001:00006e70       ___report_securityfailure  00407e70 f   MSVCRTD:gs_report.obj
 0001:00006f50       ___report_securityfailureEx 00407f50 f   MSVCRTD:gs_report.obj
 0001:00007080       ?_RTC_GetErrorFunc@@YAP6AHHPBDH00ZZPBX@Z 00408080 f   MSVCRTD:userapi.obj
 0001:00007090       ?_RTC_GetErrorFuncW@@YAP6AHHPB_WH00ZZPBX@Z 00408090 f   MSVCRTD:userapi.obj
 0001:000070a0       __RTC_GetErrDesc           004080a0 f   MSVCRTD:userapi.obj
 0001:000070c0       __RTC_NumErrors            004080c0 f   MSVCRTD:userapi.obj
 0001:000070d0       __RTC_SetErrorFunc         004080d0 f   MSVCRTD:userapi.obj
 0001:000070f0       __RTC_SetErrorFuncW        004080f0 f   MSVCRTD:userapi.obj
 0001:00007110       __RTC_SetErrorType         00408110 f   MSVCRTD:userapi.obj
 0001:00007134       __CRT_RTC_INITW            00408134 f   MSVCRTD:MSVCR120D.dll
 0001:00007140       ??_M@YGXPAXIHP6EX0@Z@Z     00408140 f   MSVCRTD:ehvecdtr.obj
 0001:00007220       ?__ArrayUnwind@@YGXPAXIHP6EX0@Z@Z 00408220 f   MSVCRTD:ehvecdtr.obj
 0001:000072aa       ??1type_info@@UAE@XZ       004082aa f   MSVCRTD:MSVCR120D.dll
 0001:000072b0       ?__CxxUnhandledExceptionFilter@@YGJPAU_EXCEPTION_POINTERS@@@Z 004082b0 f   MSVCRTD:unhandld.obj
 0001:00007320       ___CxxSetUnhandledExceptionFilter 00408320 f   MSVCRTD:unhandld.obj
 0001:00007334       __XcptFilter               00408334 f   MSVCRTD:MSVCR120D.dll
 0001:0000733a       ___crtGetShowWindowMode    0040833a f   MSVCRTD:MSVCR120D.dll
 0001:00007340       __amsg_exit                00408340 f   MSVCRTD:MSVCR120D.dll
 0001:00007350       __setargv                  00408350 f   MSVCRTD:dllargv.obj
 0001:00007358       ___getmainargs             00408358 f   MSVCRTD:MSVCR120D.dll
 0001:0000735e       ___set_app_type            0040835e f   MSVCRTD:MSVCR120D.dll
 0001:00007364       __CrtSetCheckCount         00408364 f   MSVCRTD:MSVCR120D.dll
 0001:00007370       __FindPESection            00408370 f   MSVCRTD:pesect.obj
 0001:000073f0       __IsNonwritableInCurrentImage 004083f0 f   MSVCRTD:pesect.obj
 0001:00007520       __ValidateImageBase        00408520 f   MSVCRTD:pesect.obj
 0001:0000757e       _exit                      0040857e f   MSVCRTD:MSVCR120D.dll
 0001:00007584       __exit                     00408584 f   MSVCRTD:MSVCR120D.dll
 0001:0000758a       __cexit                    0040858a f   MSVCRTD:MSVCR120D.dll
 0001:00007590       ___security_init_cookie    00408590 f   MSVCRTD:gs_support.obj
 0001:00007670       __matherr                  00408670 f   MSVCRTD:merr.obj
 0001:00007678       __ismbblead                00408678 f   MSVCRTD:MSVCR120D.dll
 0001:00007680       __RTC_Initialize           00408680 f   MSVCRTD:initsect.obj
 0001:000076b0       __RTC_Terminate            004086b0 f   MSVCRTD:initsect.obj
 0001:000076d6       __configthreadlocale       004086d6 f   MSVCRTD:MSVCR120D.dll
 0001:000076e0       __invoke_watson_if_error   004086e0 f i MSVCRTD:fp8.obj
 0001:00007710       __setdefaultprecision      00408710 f   MSVCRTD:fp8.obj
 0001:00007746       ___setusermatherr          00408746 f   MSVCRTD:MSVCR120D.dll
 0001:0000774c       __initterm_e               0040874c f   MSVCRTD:MSVCR120D.dll
 0001:00007752       __initterm                 00408752 f   MSVCRTD:MSVCR120D.dll
 0001:00007758       __except_handler4_common   00408758 f   MSVCRTD:MSVCR120D.dll
 0001:00007ba0       ?_RTC_GetSrcLine@@YAHPAEPA_WKPAH1K@Z 00408ba0 f   MSVCRTD:pdblkup.obj
 0001:00007e4e       __crt_debugger_hook        00408e4e f   MSVCRTD:MSVCR120D.dll
 0001:00007e54       ___crtUnhandledException   00408e54 f   MSVCRTD:MSVCR120D.dll
 0001:00007e5a       ___crtTerminateProcess     00408e5a f   MSVCRTD:MSVCR120D.dll
 0001:00007e60       ?terminate@@YAXXZ          00408e60 f   MSVCRTD:MSVCR120D.dll
 0001:00007e66       ___crtSetUnhandledExceptionFilter 00408e66 f   MSVCRTD:MSVCR120D.dll
 0001:00007e6c       __invoke_watson            00408e6c f   MSVCRTD:MSVCR120D.dll
 0001:00007e72       __controlfp_s              00408e72 f   MSVCRTD:MSVCR120D.dll
 0001:00007e78       _wcscpy_s                  00408e78 f   MSVCRTD:MSVCR120D.dll
 0001:00007e7e       __wmakepath_s              00408e7e f   MSVCRTD:MSVCR120D.dll
 0001:00007e84       __wsplitpath_s             00408e84 f   MSVCRTD:MSVCR120D.dll
 0001:00007e8a       ??0_Lockit@std@@QAE@H@Z    00408e8a f   msvcprtd:MSVCP120D.dll
 0001:00007e90       ??1_Lockit@std@@QAE@XZ     00408e90 f   msvcprtd:MSVCP120D.dll
 0001:00007e96       ?_Debug_message@std@@YAXPB_W0I@Z 00408e96 f   msvcprtd:MSVCP120D.dll
 0001:00007e9c       ??0_Container_base12@std@@QAE@XZ 00408e9c f   msvcprtd:MSVCP120D.dll
 0001:00007ea2       ??1_Container_base12@std@@QAE@XZ 00408ea2 f   msvcprtd:MSVCP120D.dll
 0001:00007ea8       ?_Orphan_all@_Container_base12@std@@QAEXXZ 00408ea8 f   msvcprtd:MSVCP120D.dll
 0001:00007eae       ?_Xbad_alloc@std@@YAXXZ    00408eae f   msvcprtd:MSVCP120D.dll
 0001:00007eb4       ?_Xlength_error@std@@YAXPBD@Z 00408eb4 f   msvcprtd:MSVCP120D.dll
 0001:00007eba       ?_Xout_of_range@std@@YAXPBD@Z 00408eba f   msvcprtd:MSVCP120D.dll
 0001:00007ec0       ??0id@locale@std@@QAE@I@Z  00408ec0 f   msvcprtd:MSVCP120D.dll
 0001:00007ec6       ?_Syserror_map@std@@YAPBDH@Z 00408ec6 f   msvcprtd:MSVCP120D.dll
 0001:00007ecc       ?_Winerror_map@std@@YAPBDH@Z 00408ecc f   msvcprtd:MSVCP120D.dll
 0001:00007ed2       _EncodePointer@4           00408ed2 f   kernel32:KERNEL32.dll
 0001:00007ed8       _DecodePointer@4           00408ed8 f   kernel32:KERNEL32.dll
 0001:00007ede       _IsDebuggerPresent@0       00408ede f   kernel32:KERNEL32.dll
 0001:00007ee4       _RaiseException@16         00408ee4 f   kernel32:KERNEL32.dll
 0001:00007eea       _GetLastError@0            00408eea f   kernel32:KERNEL32.dll
 0001:00007ef0       _GetProcAddress@8          00408ef0 f   kernel32:KERNEL32.dll
 0001:00007ef6       _LoadLibraryExW@12         00408ef6 f   kernel32:KERNEL32.dll
 0001:00007efc       _MultiByteToWideChar@24    00408efc f   kernel32:KERNEL32.dll
 0001:00007f02       _WideCharToMultiByte@32    00408f02 f   kernel32:KERNEL32.dll
 0001:00007f08       _IsProcessorFeaturePresent@4 00408f08 f   kernel32:KERNEL32.dll
 0001:00007f0e       _QueryPerformanceCounter@4 00408f0e f   kernel32:KERNEL32.dll
 0001:00007f14       _GetCurrentProcessId@0     00408f14 f   kernel32:KERNEL32.dll
 0001:00007f1a       _GetCurrentThreadId@0      00408f1a f   kernel32:KERNEL32.dll
 0001:00007f20       _GetSystemTimeAsFileTime@4 00408f20 f   kernel32:KERNEL32.dll
 0001:00007f26       _HeapAlloc@12              00408f26 f   kernel32:KERNEL32.dll
 0001:00007f2c       _HeapFree@12               00408f2c f   kernel32:KERNEL32.dll
 0001:00007f32       _GetProcessHeap@0          00408f32 f   kernel32:KERNEL32.dll
 0001:00007f38       _VirtualQuery@12           00408f38 f   kernel32:KERNEL32.dll
 0001:00007f3e       _FreeLibrary@4             00408f3e f   kernel32:KERNEL32.dll
 0001:00007f44       _GetModuleFileNameW@12     00408f44 f   kernel32:KERNEL32.dll
 0001:00007f4a       _GetModuleHandleW@4        00408f4a f   kernel32:KERNEL32.dll
 0002:00000000       ___xc_a                    0040d000     MSVCRTD:cinitexe.obj
 0002:00000330       ___xc_z                    0040d330     MSVCRTD:cinitexe.obj
 0002:00000434       ___xi_a                    0040d434     MSVCRTD:cinitexe.obj
 0002:00000844       ___xi_z                    0040d844     MSVCRTD:cinitexe.obj
 0002:00000a68       ??_C@_1JA@EADLBAJ@?$AAC?$AA?3?$AA?2?$AAP?$AAr?$AAo?$AAg?$AAr?$AAa?$AAm?$AA?5?$AAF?$AAi?$AAl?$AAe?$AAs?$AA?5?$AA?$CI?$AAx?$AA8?$AA6?$AA?$CJ?$AA?2?$AAM?$AAi?$AAc?$AAr?$AAo?$AAs?$AAo?$AAf?$AAt@ 0040da68     main.obj
 0002:00000b14       ??_C@_1DC@POOIKBAO@?$AAI?$AAT?$AAE?$AAR?$AAA?$AAT?$AAO?$AAR?$AA?5?$AAL?$AAI?$AAS?$AAT?$AA?5?$AAC?$AAO?$AAR?$AAR?$AAU?$AAP?$AAT?$AAE?$AAD?$AA?$CB?$AA?$AA@ 0040db14     main.obj
 0002:00000b54       ??_7error_category@std@@6B@ 0040db54     main.obj
 0002:00000b78       ??_7_Generic_error_category@std@@6B@ 0040db78     main.obj
 0002:00000b98       ??_C@_07DCLBNMLN@generic?$AA@ 0040db98     main.obj
 0002:00000ba4       ??_C@_0O@BFJCFAAK@unknown?5error?$AA@ 0040dba4     main.obj
 0002:00000bb8       ??_7_Iostream_error_category@std@@6B@ 0040dbb8     main.obj
 0002:00000bd8       ??_C@_08LLGCOLLL@iostream?$AA@ 0040dbd8     main.obj
 0002:00000be4       ??_C@_0BG@PADBLCHM@iostream?5stream?5error?$AA@ 0040dbe4     main.obj
 0002:00000c04       ??_7_System_error_category@std@@6B@ 0040dc04     main.obj
 0002:00000c24       ??_C@_06FHFOAHML@system?$AA@ 0040dc24     main.obj
 0002:00000c2c       ??_C@_02DPKJAMEF@?$CFd?$AA@ 0040dc2c     main.obj
 0002:00000c30       ??_C@_1IO@FEAPGJBD@?$AAC?$AA?3?$AA?2?$AAP?$AAr?$AAo?$AAg?$AAr?$AAa?$AAm?$AA?5?$AAF?$AAi?$AAl?$AAe?$AAs?$AA?5?$AA?$CI?$AAx?$AA8?$AA6?$AA?$CJ?$AA?2?$AAM?$AAi?$AAc?$AAr?$AAo?$AAs?$AAo?$AAf?$AAt@ 0040dc30     main.obj
 0002:00000cdc       ??_C@_0BA@JFNIOLAK@string?5too?5long?$AA@ 0040dcdc     main.obj
 0002:00000cf0       ??_C@_0BI@CFPLBAOH@invalid?5string?5position?$AA@ 0040dcf0     main.obj
 0002:00000d0c       ??_C@_0CE@OFMIGAMM@Standard?5C?$CL?$CL?5Libraries?5Out?5of?5Ra@ 0040dd0c     main.obj
 0002:00000d38       ??_C@_1FG@IBPIFFN@?$AA?$CC?$AAS?$AAt?$AAa?$AAn?$AAd?$AAa?$AAr?$AAd?$AA?5?$AAC?$AA?$CL?$AA?$CL?$AA?5?$AAL?$AAi?$AAb?$AAr?$AAa?$AAr?$AAi?$AAe?$AAs?$AA?5?$AAO?$AAu?$AAt?$AA?5?$AAo?$AAf?$AA?5?$AAR@ 0040dd38     main.obj
 0002:00000da0       ??_C@_15GANGMFKL@?$AA?$CF?$AAs?$AA?$AA@ 0040dda0     main.obj
 0002:00000da8       ??_C@_1BO@MEPPHOO@?$AA?$CC?$AAo?$AAu?$AAt?$AA?5?$AAo?$AAf?$AA?5?$AAr?$AAa?$AAn?$AAg?$AAe?$AA?$CC?$AA?$AA@ 0040dda8     main.obj
 0002:00000dcc       ??_C@_1DM@KDEKGMPF@?$AAs?$AAt?$AAr?$AAi?$AAn?$AAg?$AA?5?$AAi?$AAt?$AAe?$AAr?$AAa?$AAt?$AAo?$AAr?$AAs?$AA?5?$AAi?$AAn?$AAc?$AAo?$AAm?$AAp?$AAa?$AAt?$AAi?$AAb?$AAl?$AAe?$AA?$AA@ 0040ddcc     main.obj
 0002:00000e14       ??_C@_0CI@FNPHFCCM@Standard?5C?$CL?$CL?5Libraries?5Invalid?5A@ 0040de14     main.obj
 0002:00000e48       ??_C@_1FO@GJIHNDLM@?$AA?$CC?$AAS?$AAt?$AAa?$AAn?$AAd?$AAa?$AAr?$AAd?$AA?5?$AAC?$AA?$CL?$AA?$CL?$AA?5?$AAL?$AAi?$AAb?$AAr?$AAa?$AAr?$AAi?$AAe?$AAs?$AA?5?$AAI?$AAn?$AAv?$AAa?$AAl?$AAi?$AAd?$AA?5@ 0040de48     main.obj
 0002:00000eb8       ??_C@_1MA@BDELDFHB@?$AAs?$AAt?$AAd?$AA?3?$AA?3?$AA_?$AAS?$AAt?$AAr?$AAi?$AAn?$AAg?$AA_?$AAc?$AAo?$AAn?$AAs?$AAt?$AA_?$AAi?$AAt?$AAe?$AAr?$AAa?$AAt?$AAo?$AAr?$AA?$DM?$AAc?$AAl?$AAa?$AAs@ 0040deb8     main.obj
 0002:00000fa0       ??_C@_1CG@JNLFBNGN@?$AA?$CC?$AAi?$AAn?$AAv?$AAa?$AAl?$AAi?$AAd?$AA?5?$AAa?$AAr?$AAg?$AAu?$AAm?$AAe?$AAn?$AAt?$AA?$CC?$AA?$AA@ 0040dfa0     main.obj
 0002:00000fd0       ??_C@_1CK@EOPGIILJ@?$AAi?$AAn?$AAv?$AAa?$AAl?$AAi?$AAd?$AA?5?$AAn?$AAu?$AAl?$AAl?$AA?5?$AAp?$AAo?$AAi?$AAn?$AAt?$AAe?$AAr?$AA?$AA@ 0040dfd0     main.obj
 0002:00001008       ??_C@_1EG@CNCHLAOB@?$AAs?$AAt?$AAr?$AAi?$AAn?$AAg?$AA?5?$AAi?$AAt?$AAe?$AAr?$AAa?$AAt?$AAo?$AAr?$AA?5?$AAn?$AAo?$AAt?$AA?5?$AAd?$AAe?$AAr?$AAe?$AAf?$AAe?$AAr?$AAe?$AAn?$AAc?$AAa?$AAb@ 0040e008     main.obj
 0002:00001060       ??_C@_1MG@GDGHDIKC@?$AAs?$AAt?$AAd?$AA?3?$AA?3?$AA_?$AAS?$AAt?$AAr?$AAi?$AAn?$AAg?$AA_?$AAc?$AAo?$AAn?$AAs?$AAt?$AA_?$AAi?$AAt?$AAe?$AAr?$AAa?$AAt?$AAo?$AAr?$AA?$DM?$AAc?$AAl?$AAa?$AAs@ 0040e060     main.obj
 0002:00001150       ??_C@_1MC@KPMPFEII@?$AA?$CI?$AA_?$AA_?$AAo?$AAn?$AAe?$AAx?$AAi?$AAt?$AAb?$AAe?$AAg?$AAi?$AAn?$AA?5?$AA?$CB?$AA?$DN?$AA?5?$AAN?$AAU?$AAL?$AAL?$AA?5?$AA?$CG?$AA?$CG?$AA?5?$AA_?$AA_?$AAo?$AAn?$AAe?$AAx@ 0040e150     MSVCRTD:atonexit.obj
 0002:00001218       ??_C@_1FK@IGIDCAPD@?$AAf?$AA?3?$AA?2?$AAd?$AAd?$AA?2?$AAv?$AAc?$AAt?$AAo?$AAo?$AAl?$AAs?$AA?2?$AAc?$AAr?$AAt?$AA?2?$AAc?$AAr?$AAt?$AAw?$AA3?$AA2?$AA?2?$AAd?$AAl?$AAl?$AAs?$AAt?$AAu?$AAf@ 0040e218     MSVCRTD:atonexit.obj
 0002:00001274       ??_C@_0CN@LMJJPMEG@f?3?2dd?2vctools?2crt?2crtw32?2dllstuf@ 0040e274     MSVCRTD:atonexit.obj
 0002:000012a1       ?value@?$integral_constant@_N$0A@@std@@2_NB 0040e2a1     MSVCRTD:ti_inst.obj
 0002:000012a2       ?value@?$integral_constant@_N$00@std@@2_NB 0040e2a2     MSVCRTD:ti_inst.obj
 0002:000012a8       ??_7type_info@@6B@         0040e2a8     MSVCRTD:ti_inst.obj
 0002:000012b0       ??_C@_1FA@DALEHHGL@?$AA_?$AA_?$AAn?$AAa?$AAt?$AAi?$AAv?$AAe?$AA_?$AAs?$AAt?$AAa?$AAr?$AAt?$AAu?$AAp?$AA_?$AAs?$AAt?$AAa?$AAt?$AAe?$AA?5?$AA?$DN?$AA?$DN?$AA?5?$AA_?$AA_?$AAi?$AAn?$AAi?$AAt@ 0040e2b0     MSVCRTD:crtexew.obj
 0002:00001300       ??_C@_1FG@DKNDLLJO@?$AAf?$AA?3?$AA?2?$AAd?$AAd?$AA?2?$AAv?$AAc?$AAt?$AAo?$AAo?$AAl?$AAs?$AA?2?$AAc?$AAr?$AAt?$AA?2?$AAc?$AAr?$AAt?$AAw?$AA3?$AA2?$AA?2?$AAd?$AAl?$AAl?$AAs?$AAt?$AAu?$AAf@ 0040e300     MSVCRTD:crtexew.obj
 0002:000013f8       ??_C@_0NN@NGPKDKPD@The?5value?5of?5ESP?5was?5not?5properl@ 0040e3f8     MSVCRTD:error.obj
 0002:000014d8       ??_C@_0BBN@GPMLNJCF@A?5cast?5to?5a?5smaller?5data?5type?5ha@ 0040e4d8     MSVCRTD:error.obj
 0002:000015f8       ??_C@_0BN@FFOINMNJ@Stack?5memory?5was?5corrupted?6?$AN?$AA@ 0040e5f8     MSVCRTD:error.obj
 0002:00001618       ??_C@_0DG@HKJMLLLP@A?5local?5variable?5was?5used?5before@ 0040e618     MSVCRTD:error.obj
 0002:00001650       ??_C@_0CM@NGINOKPC@Stack?5memory?5around?5_alloca?5was?5@ 0040e650     MSVCRTD:error.obj
 0002:0000167c       ??_C@_0BO@GNIAFIKK@Unknown?5Runtime?5Check?5Error?6?$AN?$AA@ 0040e67c     MSVCRTD:error.obj
 0002:000016a0       ??_C@_1GM@OLMCBDMB@?$AAR?$AAu?$AAn?$AAt?$AAi?$AAm?$AAe?$AA?5?$AAC?$AAh?$AAe?$AAc?$AAk?$AA?5?$AAE?$AAr?$AAr?$AAo?$AAr?$AA?4?$AA?6?$AA?$AN?$AA?5?$AAU?$AAn?$AAa?$AAb?$AAl?$AAe?$AA?5?$AAt?$AAo@ 0040e6a0     MSVCRTD:error.obj
 0002:00001710       ??_C@_1EA@NFKNIFJP@?$AAR?$AAu?$AAn?$AA?9?$AAT?$AAi?$AAm?$AAe?$AA?5?$AAC?$AAh?$AAe?$AAc?$AAk?$AA?5?$AAF?$AAa?$AAi?$AAl?$AAu?$AAr?$AAe?$AA?5?$AA?$CD?$AA?$CF?$AAd?$AA?5?$AA?9?$AA?5?$AA?$CF?$AAs?$AA?$AA@ 0040e710     MSVCRTD:error.obj
 0002:00001750       ??_C@_0BB@PFFGGCJP@Unknown?5Filename?$AA@ 0040e750     MSVCRTD:error.obj
 0002:00001764       ??_C@_0BE@GNBOBNCK@Unknown?5Module?5Name?$AA@ 0040e764     MSVCRTD:error.obj
 0002:00001778       ??_C@_0CA@IODNCDPG@Run?9Time?5Check?5Failure?5?$CD?$CFd?5?9?5?$CFs?$AA@ 0040e778     MSVCRTD:error.obj
 0002:00001798       ??_C@_0CG@IAFNJNEE@Stack?5corrupted?5near?5unknown?5var@ 0040e798     MSVCRTD:error.obj
 0002:000017c0       ??_C@_05MKKEDADM@?$CF?42X?5?$AA@ 0040e7c0     MSVCRTD:error.obj
 0002:000017c8       ??_C@_1BG@OILDLIOJ@?$AAu?$AAs?$AAe?$AAr?$AA3?$AA2?$AA?4?$AAd?$AAl?$AAl?$AA?$AA@ 0040e7c8     MSVCRTD:error.obj
 0002:000017e0       ??_C@_09FOPFMPEJ@wsprintfA?$AA@ 0040e7e0     MSVCRTD:error.obj
 0002:000017f0       ??_C@_0EJ@LJKNEOLN@Stack?5area?5around?5_alloca?5memory@ 0040e7f0     MSVCRTD:error.obj
 0002:0000183c       ??_C@_08OMAHNMHJ@?6Data?3?5?$DM?$AA@ 0040e83c     MSVCRTD:error.obj
 0002:00001848       ??_C@_0CK@DKGBICFE@?6Allocation?5number?5within?5this?5f@ 0040e848     MSVCRTD:error.obj
 0002:00001874       ??_C@_07DFDJCKFN@?6Size?3?5?$AA@ 0040e874     MSVCRTD:error.obj
 0002:0000187c       ??_C@_0N@MHFFIMFG@?6Address?3?50x?$AA@ 0040e87c     MSVCRTD:error.obj
 0002:00001890       ??_C@_0EI@CLEPFNGI@Stack?5area?5around?5_alloca?5memory@ 0040e890     MSVCRTD:error.obj
 0002:000018d8       ??_C@_0BC@KIBAILCI@?$CFs?$CFs?$CFp?$CFs?$CFld?$CFs?$CFd?$CFs?$AA@ 0040e8d8     MSVCRTD:error.obj
 0002:000018ec       ??_C@_01EEMJAFIK@?6?$AA@   0040e8ec     MSVCRTD:error.obj
 0002:000018f0       ??_C@_02LLMPMKNF@?$DO?5?$AA@ 0040e8f0     MSVCRTD:error.obj
 0002:000018f4       ??_C@_08KJEDNCKC@?$CFs?$CFs?$CFs?$CFs?$AA@ 0040e8f4     MSVCRTD:error.obj
 0002:00001900       ??_C@_0DE@OHJBPMBP@A?5variable?5is?5being?5used?5without@ 0040e900     MSVCRTD:error.obj
 0002:00001950       ??_C@_0BJ@HEGAHDFO@Stack?5pointer?5corruption?$AA@ 0040e950     MSVCRTD:userapi.obj
 0002:0000196c       ??_C@_0CK@FEGOIOPB@Cast?5to?5smaller?5type?5causing?5los@ 0040e96c     MSVCRTD:userapi.obj
 0002:00001998       ??_C@_0BI@CIGMDCBH@Stack?5memory?5corruption?$AA@ 0040e998     MSVCRTD:userapi.obj
 0002:000019b0       ??_C@_0CK@CNLNOEPB@Local?5variable?5used?5before?5initi@ 0040e9b0     MSVCRTD:userapi.obj
 0002:000019dc       ??_C@_0BP@OGBCLIBO@Stack?5around?5_alloca?5corrupted?$AA@ 0040e9dc     MSVCRTD:userapi.obj
 0002:000019fc       ?ProcessDetach@NativeDll@<CrtImplementationDetails>@@0IB 0040e9fc     MSVCRTD:unhandld.obj
 0002:00001a00       ?ProcessAttach@NativeDll@<CrtImplementationDetails>@@0IB 0040ea00     MSVCRTD:unhandld.obj
 0002:00001a04       ?ThreadAttach@NativeDll@<CrtImplementationDetails>@@0IB 0040ea04     MSVCRTD:unhandld.obj
 0002:00001a08       ?ThreadDetach@NativeDll@<CrtImplementationDetails>@@0IB 0040ea08     MSVCRTD:unhandld.obj
 0002:00001a0c       ?ProcessVerifier@NativeDll@<CrtImplementationDetails>@@0IB 0040ea0c     MSVCRTD:unhandld.obj
 0002:00001a10       ??_C@_1FI@JJOJLGLE@?$AAf?$AA?3?$AA?2?$AAd?$AAd?$AA?2?$AAv?$AAc?$AAt?$AAo?$AAo?$AAl?$AAs?$AA?2?$AAc?$AAr?$AAt?$AA?2?$AAc?$AAr?$AAt?$AAw?$AA3?$AA2?$AA?2?$AAs?$AAt?$AAa?$AAr?$AAt?$AAu?$AAp@ 0040ea10     MSVCRTD:fp8.obj
 0002:00001a68       ??_C@_1CK@JMKHCBEI@?$AA_?$AAs?$AAe?$AAt?$AAd?$AAe?$AAf?$AAa?$AAu?$AAl?$AAt?$AAp?$AAr?$AAe?$AAc?$AAi?$AAs?$AAi?$AAo?$AAn?$AA?$AA@ 0040ea68     MSVCRTD:fp8.obj
 0002:00001a98       ??_C@_1GE@KOCFNGPB@?$AA_?$AAc?$AAo?$AAn?$AAt?$AAr?$AAo?$AAl?$AAf?$AAp?$AA_?$AAs?$AA?$CI?$AA?$CI?$AA?$CI?$AAv?$AAo?$AAi?$AAd?$AA?5?$AA?$CK?$AA?$CJ?$AA0?$AA?$CJ?$AA?0?$AA?5?$AA0?$AAx?$AA0?$AA0?$AA0?$AA1@ 0040ea98     MSVCRTD:fp8.obj
 0002:00001b3c       ?LocalIdBitWidth@CrossScopeId@CodeViewInfo@@2IB 0040eb3c     MSVCRTD:pdblkup.obj
 0002:00001b40       ?IdScopeBitWidth@CrossScopeId@CodeViewInfo@@2IB 0040eb40     MSVCRTD:pdblkup.obj
 0002:00001b44       ?StartCrossScopeId@CrossScopeId@CodeViewInfo@@2IB 0040eb44     MSVCRTD:pdblkup.obj
 0002:00001b48       ?LocalIdMask@CrossScopeId@CodeViewInfo@@2IB 0040eb48     MSVCRTD:pdblkup.obj
 0002:00001b4c       ?ScopeIdMask@CrossScopeId@CodeViewInfo@@2IB 0040eb4c     MSVCRTD:pdblkup.obj
 0002:00001b50       ?MaxLocalId@CrossScopeId@CodeViewInfo@@2IB 0040eb50     MSVCRTD:pdblkup.obj
 0002:00001b54       ?MaxScopeId@CrossScopeId@CodeViewInfo@@2IB 0040eb54     MSVCRTD:pdblkup.obj
 0002:00001b58       ??_C@_1BK@GAEMIDIL@?$AAA?$AAD?$AAV?$AAA?$AAP?$AAI?$AA3?$AA2?$AA?4?$AAD?$AAL?$AAL?$AA?$AA@ 0040eb58     MSVCRTD:pdblkup.obj
 0002:00001b74       ??_C@_0O@COHOBMLB@RegOpenKeyExW?$AA@ 0040eb74     MSVCRTD:pdblkup.obj
 0002:00001b84       ??_C@_0BB@GLNAEDBD@RegQueryValueExW?$AA@ 0040eb84     MSVCRTD:pdblkup.obj
 0002:00001b98       ??_C@_0M@HLOHPNFA@RegCloseKey?$AA@ 0040eb98     MSVCRTD:pdblkup.obj
 0002:00001ba8       ??_C@_1FM@EGIBBNPP@?$AAS?$AAO?$AAF?$AAT?$AAW?$AAA?$AAR?$AAE?$AA?2?$AAM?$AAi?$AAc?$AAr?$AAo?$AAs?$AAo?$AAf?$AAt?$AA?2?$AAV?$AAi?$AAs?$AAu?$AAa?$AAl?$AAS?$AAt?$AAu?$AAd?$AAi?$AAo?$AA?2@ 0040eba8     MSVCRTD:pdblkup.obj
 0002:00001c04       ??_C@_1BG@EABPBLLF@?$AAP?$AAr?$AAo?$AAd?$AAu?$AAc?$AAt?$AAD?$AAi?$AAr?$AA?$AA@ 0040ec04     MSVCRTD:pdblkup.obj
 0002:00001c38       ??_C@_1BC@EOIMGOME@?$AAM?$AAS?$AAP?$AAD?$AAB?$AA1?$AA2?$AA0?$AA?$AA@ 0040ec38     MSVCRTD:pdblkup.obj
 0002:00001c4c       ??_C@_0BB@KCIACLNC@PDBOpenValidate5?$AA@ 0040ec4c     MSVCRTD:pdblkup.obj
 0002:00001c60       ??_C@_01KDCPPGHE@r?$AA@    0040ec60     MSVCRTD:pdblkup.obj
 0002:00001c68       __load_config_used         0040ec68     MSVCRTD:loadcfg.obj
 0002:00002188       ??_R4error_category@std@@6B@ 0040f188     main.obj
 0002:000021a0       ??_R3error_category@std@@8 0040f1a0     main.obj
 0002:000021b4       ??_R2error_category@std@@8 0040f1b4     main.obj
 0002:000021bc       ??_R1A@?0A@EA@error_category@std@@8 0040f1bc     main.obj
 0002:000021e0       ??_R4_Generic_error_category@std@@6B@ 0040f1e0     main.obj
 0002:000021f8       ??_R3_Generic_error_category@std@@8 0040f1f8     main.obj
 0002:0000220c       ??_R2_Generic_error_category@std@@8 0040f20c     main.obj
 0002:00002218       ??_R1A@?0A@EA@_Generic_error_category@std@@8 0040f218     main.obj
 0002:0000223c       ??_R4_Iostream_error_category@std@@6B@ 0040f23c     main.obj
 0002:00002254       ??_R3_Iostream_error_category@std@@8 0040f254     main.obj
 0002:00002268       ??_R2_Iostream_error_category@std@@8 0040f268     main.obj
 0002:00002278       ??_R1A@?0A@EA@_Iostream_error_category@std@@8 0040f278     main.obj
 0002:0000229c       ??_R4_System_error_category@std@@6B@ 0040f29c     main.obj
 0002:000022b4       ??_R3_System_error_category@std@@8 0040f2b4     main.obj
 0002:000022c8       ??_R2_System_error_category@std@@8 0040f2c8     main.obj
 0002:000022d8       ??_R1A@?0A@EA@_System_error_category@std@@8 0040f2d8     main.obj
 0002:000022fc       ??_R4type_info@@6B@        0040f2fc     MSVCRTD:ti_inst.obj
 0002:00002310       ??_R3type_info@@8          0040f310     MSVCRTD:ti_inst.obj
 0002:00002320       ??_R2type_info@@8          0040f320     MSVCRTD:ti_inst.obj
 0002:00002328       ??_R1A@?0A@EA@type_info@@8 0040f328     MSVCRTD:ti_inst.obj
 0002:00002460       ___safe_se_handler_table   0040f460     <linker-defined>
 0002:000025a8       ___rtc_iaa                 0040f5a8     MSVCRTD:initsect.obj
 0002:000027b0       ___rtc_izz                 0040f7b0     MSVCRTD:initsect.obj
 0002:000028b4       ___rtc_taa                 0040f8b4     MSVCRTD:initsect.obj
 0002:00002abc       ___rtc_tzz                 0040fabc     MSVCRTD:initsect.obj
 0003:00000000       ___security_cookie         00411000     MSVCRTD:gs_cookie.obj
 0003:00000004       ___security_cookie_complement 00411004     MSVCRTD:gs_cookie.obj
 0003:00000010       ?_RTC_ErrorLevels@@3PAHA   00411010     MSVCRTD:error.obj
 0003:00000024       ___defaultmatherr          00411024     MSVCRTD:merr.obj
 0003:00000028       ___globallocalestatus      00411028     MSVCRTD:xthdloc.obj
 0003:0000002c       ___native_dllmain_reason   0041102c     MSVCRTD:natstart.obj
 0003:0000013c       ??_R0?AVerror_category@std@@@8 0041113c     main.obj
 0003:00000164       ??_R0?AV_Generic_error_category@std@@@8 00411164     main.obj
 0003:00000198       ??_R0?AV_Iostream_error_category@std@@@8 00411198     main.obj
 0003:000001cc       ??_R0?AV_System_error_category@std@@@8 004111cc     main.obj
 0003:00000200       ??_R0?AVtype_info@@@8      00411200     MSVCRTD:ti_inst.obj
 0003:00000320       ?label@@3PAUHWND__@@A      00411320     main.obj
 0003:00000328       ?_Generic_object@?$_Error_objects@H@std@@2V_Generic_error_category@2@A 00411328     main.obj
 0003:0000032c       ?_Iostream_object@?$_Error_objects@H@std@@2V_Iostream_error_category@2@A 0041132c     main.obj
 0003:00000330       ?_System_object@?$_Error_objects@H@std@@2V_System_error_category@2@A 00411330     main.obj
 0003:00000334       ?id@?$num_put@DV?$back_insert_iterator@V?$basic_string@DU?$char_traits@D@std@@V?$allocator@D@2@@std@@@std@@@std@@2V0locale@2@A 00411334     main.obj
 0003:00000338       ?id@?$num_put@_WV?$back_insert_iterator@V?$basic_string@_WU?$char_traits@_W@std@@V?$allocator@_W@2@@std@@@std@@@std@@2V0locale@2@A 00411338     main.obj
 0003:00000360       ?wsprintffp@@3P6AHPADPBDZZA 00411360     MSVCRTD:error.obj
 0003:00000690       __commode                  00411690     MSVCRTD:xncommod.obj
 0003:00000694       __dowildcard               00411694     MSVCRTD:wildcard.obj
 0003:00000698       __newmode                  00411698     MSVCRTD:_newmode.obj
 0003:0000069c       __fmode                    0041169c     MSVCRTD:xtxtmode.obj
 0003:000006a8       ___native_startup_lock     004116a8     <common>
 0003:000006b8       ___native_startup_state    004116b8     <common>
 0003:000006bc       ___dyn_tls_init_callback   004116bc     <common>
 0003:000006cc       ___onexitend               004116cc     <common>
 0003:000006dc       ___onexitbegin             004116dc     <common>
 0004:00000000       __imp__GetModuleHandleW@4  00412000     kernel32:KERNEL32.dll
 0004:00000004       __imp__GetModuleFileNameW@12 00412004     kernel32:KERNEL32.dll
 0004:00000008       __imp__FreeLibrary@4       00412008     kernel32:KERNEL32.dll
 0004:0000000c       __imp__VirtualQuery@12     0041200c     kernel32:KERNEL32.dll
 0004:00000010       __imp__GetProcessHeap@0    00412010     kernel32:KERNEL32.dll
 0004:00000014       __imp__HeapFree@12         00412014     kernel32:KERNEL32.dll
 0004:00000018       __imp__HeapAlloc@12        00412018     kernel32:KERNEL32.dll
 0004:0000001c       __imp__GetSystemTimeAsFileTime@4 0041201c     kernel32:KERNEL32.dll
 0004:00000020       __imp__GetCurrentThreadId@0 00412020     kernel32:KERNEL32.dll
 0004:00000024       __imp__GetCurrentProcessId@0 00412024     kernel32:KERNEL32.dll
 0004:00000028       __imp__QueryPerformanceCounter@4 00412028     kernel32:KERNEL32.dll
 0004:0000002c       __imp__IsProcessorFeaturePresent@4 0041202c     kernel32:KERNEL32.dll
 0004:00000030       __imp__MultiByteToWideChar@24 00412030     kernel32:KERNEL32.dll
 0004:00000034       __imp__LoadLibraryExW@12   00412034     kernel32:KERNEL32.dll
 0004:00000038       __imp__GetProcAddress@8    00412038     kernel32:KERNEL32.dll
 0004:0000003c       __imp__GetLastError@0      0041203c     kernel32:KERNEL32.dll
 0004:00000040       __imp__RaiseException@16   00412040     kernel32:KERNEL32.dll
 0004:00000044       __imp__IsDebuggerPresent@0 00412044     kernel32:KERNEL32.dll
 0004:00000048       __imp__DecodePointer@4     00412048     kernel32:KERNEL32.dll
 0004:0000004c       __imp__EncodePointer@4     0041204c     kernel32:KERNEL32.dll
 0004:00000050       __imp__WideCharToMultiByte@32 00412050     kernel32:KERNEL32.dll
 0004:00000054       \177KERNEL32_NULL_THUNK_DATA 00412054     kernel32:KERNEL32.dll
 0004:00000090       __imp_?_Syserror_map@std@@YAPBDH@Z 00412090     msvcprtd:MSVCP120D.dll
 0004:00000094       __imp_??0id@locale@std@@QAE@I@Z 00412094     msvcprtd:MSVCP120D.dll
 0004:00000098       __imp_?_Xout_of_range@std@@YAXPBD@Z 00412098     msvcprtd:MSVCP120D.dll
 0004:0000009c       __imp_?_Xlength_error@std@@YAXPBD@Z 0041209c     msvcprtd:MSVCP120D.dll
 0004:000000a0       __imp_?_Xbad_alloc@std@@YAXXZ 004120a0     msvcprtd:MSVCP120D.dll
 0004:000000a4       __imp_?_Orphan_all@_Container_base12@std@@QAEXXZ 004120a4     msvcprtd:MSVCP120D.dll
 0004:000000a8       __imp_??1_Container_base12@std@@QAE@XZ 004120a8     msvcprtd:MSVCP120D.dll
 0004:000000ac       __imp_??0_Container_base12@std@@QAE@XZ 004120ac     msvcprtd:MSVCP120D.dll
 0004:000000b0       __imp_?_Debug_message@std@@YAXPB_W0I@Z 004120b0     msvcprtd:MSVCP120D.dll
 0004:000000b4       __imp_??1_Lockit@std@@QAE@XZ 004120b4     msvcprtd:MSVCP120D.dll
 0004:000000b8       __imp_??0_Lockit@std@@QAE@H@Z 004120b8     msvcprtd:MSVCP120D.dll
 0004:000000bc       __imp_?_Winerror_map@std@@YAPBDH@Z 004120bc     msvcprtd:MSVCP120D.dll
 0004:000000c0       \177MSVCP120D_NULL_THUNK_DATA 004120c0     msvcprtd:MSVCP120D.dll
 0004:000000f4       __imp____getmainargs       004120f4     MSVCRTD:MSVCR120D.dll
 0004:000000f8       __imp____set_app_type      004120f8     MSVCRTD:MSVCR120D.dll
 0004:000000fc       __imp___CrtSetCheckCount   004120fc     MSVCRTD:MSVCR120D.dll
 0004:00000100       __imp__exit                00412100     MSVCRTD:MSVCR120D.dll
 0004:00000104       __imp___exit               00412104     MSVCRTD:MSVCR120D.dll
 0004:00000108       __imp___cexit              00412108     MSVCRTD:MSVCR120D.dll
 0004:0000010c       __imp__memmove             0041210c     MSVCRTD:MSVCR120D.dll
 0004:00000110       __imp___configthreadlocale 00412110     MSVCRTD:MSVCR120D.dll
 0004:00000114       __imp____setusermatherr    00412114     MSVCRTD:MSVCR120D.dll
 0004:00000118       __imp___initterm_e         00412118     MSVCRTD:MSVCR120D.dll
 0004:0000011c       __imp___initterm           0041211c     MSVCRTD:MSVCR120D.dll
 0004:00000120       __imp___acmdln             00412120     MSVCRTD:MSVCR120D.dll
 0004:00000124       __imp___amsg_exit          00412124     MSVCRTD:MSVCR120D.dll
 0004:00000128       __imp___commode            00412128     MSVCRTD:MSVCR120D.dll
 0004:0000012c       __imp___except_handler4_common 0041212c     MSVCRTD:MSVCR120D.dll
 0004:00000130       __imp___crt_debugger_hook  00412130     MSVCRTD:MSVCR120D.dll
 0004:00000134       __imp____crtUnhandledException 00412134     MSVCRTD:MSVCR120D.dll
 0004:00000138       __imp____crtTerminateProcess 00412138     MSVCRTD:MSVCR120D.dll
 0004:0000013c       __imp_?terminate@@YAXXZ    0041213c     MSVCRTD:MSVCR120D.dll
 0004:00000140       __imp____crtSetUnhandledExceptionFilter 00412140     MSVCRTD:MSVCR120D.dll
 0004:00000144       __imp___invoke_watson      00412144     MSVCRTD:MSVCR120D.dll
 0004:00000148       __imp___controlfp_s        00412148     MSVCRTD:MSVCR120D.dll
 0004:0000014c       __imp__wcscpy_s            0041214c     MSVCRTD:MSVCR120D.dll
 0004:00000150       __imp___wmakepath_s        00412150     MSVCRTD:MSVCR120D.dll
 0004:00000154       __imp___wsplitpath_s       00412154     MSVCRTD:MSVCR120D.dll
 0004:00000158       __imp____crtGetShowWindowMode 00412158     MSVCRTD:MSVCR120D.dll
 0004:0000015c       __imp___XcptFilter         0041215c     MSVCRTD:MSVCR120D.dll
 0004:00000160       __imp_??1type_info@@UAE@XZ 00412160     MSVCRTD:MSVCR120D.dll
 0004:00000164       __imp___CRT_RTC_INITW      00412164     MSVCRTD:MSVCR120D.dll
 0004:00000168       __imp___onexit             00412168     MSVCRTD:MSVCR120D.dll
 0004:0000016c       __imp____dllonexit         0041216c     MSVCRTD:MSVCR120D.dll
 0004:00000170       __imp___calloc_dbg         00412170     MSVCRTD:MSVCR120D.dll
 0004:00000174       __imp___unlock             00412174     MSVCRTD:MSVCR120D.dll
 0004:00000178       __imp___lock               00412178     MSVCRTD:MSVCR120D.dll
 0004:0000017c       __imp____CxxFrameHandler3  0041217c     MSVCRTD:MSVCR120D.dll
 0004:00000180       __imp___CxxThrowException@8 00412180     MSVCRTD:MSVCR120D.dll
 0004:00000184       __imp___fmode              00412184     MSVCRTD:MSVCR120D.dll
 0004:00000188       __imp___CrtDbgReportW      00412188     MSVCRTD:MSVCR120D.dll
 0004:0000018c       __imp__strlen              0041218c     MSVCRTD:MSVCR120D.dll
 0004:00000190       __imp__memcpy              00412190     MSVCRTD:MSVCR120D.dll
 0004:00000194       __imp__sprintf_s           00412194     MSVCRTD:MSVCR120D.dll
 0004:00000198       __imp___hypot              00412198     MSVCRTD:MSVCR120D.dll
 0004:0000019c       __imp___invalid_parameter  0041219c     MSVCRTD:MSVCR120D.dll
 0004:000001a0       __imp_??3@YAXPAX@Z         004121a0     MSVCRTD:MSVCR120D.dll
 0004:000001a4       __imp_??2@YAPAXI@Z         004121a4     MSVCRTD:MSVCR120D.dll
 0004:000001a8       __imp___purecall           004121a8     MSVCRTD:MSVCR120D.dll
 0004:000001ac       __imp___ismbblead          004121ac     MSVCRTD:MSVCR120D.dll
 0004:000001b0       \177MSVCR120D_NULL_THUNK_DATA 004121b0     MSVCRTD:MSVCR120D.dll
 0004:00000200       __imp__GetWindowLongA@8    00412200     user32:USER32.dll
 0004:00000204       __imp__SetWindowTextA@8    00412204     user32:USER32.dll
 0004:00000208       __imp__UpdateWindow@4      00412208     user32:USER32.dll
 0004:0000020c       __imp__ShowWindow@8        0041220c     user32:USER32.dll
 0004:00000210       __imp__CreateWindowExA@48  00412210     user32:USER32.dll
 0004:00000214       __imp__RegisterClassA@4    00412214     user32:USER32.dll
 0004:00000218       __imp__PostQuitMessage@4   00412218     user32:USER32.dll
 0004:0000021c       __imp__DefWindowProcA@16   0041221c     user32:USER32.dll
 0004:00000220       __imp__SendMessageA@16     00412220     user32:USER32.dll
 0004:00000224       __imp__DispatchMessageA@4  00412224     user32:USER32.dll
 0004:00000228       __imp__TranslateMessage@4  00412228     user32:USER32.dll
 0004:0000022c       __imp__GetMessageA@16      0041222c     user32:USER32.dll
 0004:00000230       \177USER32_NULL_THUNK_DATA 00412230     user32:USER32.dll
 0004:00000264       __IMPORT_DESCRIPTOR_USER32 00412264     user32:USER32.dll
 0004:00000278       __IMPORT_DESCRIPTOR_MSVCR120D 00412278     MSVCRTD:MSVCR120D.dll
 0004:0000028c       __IMPORT_DESCRIPTOR_MSVCP120D 0041228c     msvcprtd:MSVCP120D.dll
 0004:000002a0       __IMPORT_DESCRIPTOR_KERNEL32 004122a0     kernel32:KERNEL32.dll
 0004:000002b4       __NULL_IMPORT_DESCRIPTOR   004122b4     user32:USER32.dll
 0005:00000000       _windowCount               00413000     dll.obj
